<!doctype html public "-//w3c//dtd html 4.0 transitional//en">
<html><head>
<title>Static Call Graph - [.\out_DA14531\Objects\ble_app_profile_531.axf]</title></head>
<body><HR>
<H1>Static Call Graph for image .\out_DA14531\Objects\ble_app_profile_531.axf</H1><HR>
<BR><P>#&#060CALLGRAPH&#062# ARM Linker, 6190004: Last Updated: Wed Oct  4 22:54:03 2023
<BR><P>
<H3>Maximum Stack Usage =        212 bytes + Unknown(Cycles, Untraceable Function Pointers)</H3><H3>
Call chain for Maximum Stack Depth:</H3>
main &rArr; rf_calibration
<P>
<H3>
Mutually Recursive functions
</H3> <LI><a href="#[3]">SVC_Handler</a>&nbsp;&nbsp;&nbsp;&rArr;&nbsp;&nbsp;&nbsp;<a href="#[3]">SVC_Handler</a><BR>
 <LI><a href="#[4]">PendSV_Handler</a>&nbsp;&nbsp;&nbsp;&rArr;&nbsp;&nbsp;&nbsp;<a href="#[4]">PendSV_Handler</a><BR>
 <LI><a href="#[e]">BLE_RF_DIAG_Handler</a>&nbsp;&nbsp;&nbsp;&rArr;&nbsp;&nbsp;&nbsp;<a href="#[e]">BLE_RF_DIAG_Handler</a><BR>
</UL>
<P>
<H3>
Function Pointers
</H3><UL>
 <LI><a href="#[c]">ADC_Handler</a> from lto-llvm-7ec700.o(.text.ADC_Handler) referenced from startup_da14531.o(RESET)
 <LI><a href="#[e]">BLE_RF_DIAG_Handler</a> from startup_da14531.o(.text) referenced from startup_da14531.o(RESET)
 <LI><a href="#[6]">BLE_WAKEUP_LP_Handler</a> from lto-llvm-7ec700.o(.text.BLE_WAKEUP_LP_Handler) referenced from startup_da14531.o(RESET)
 <LI><a href="#[19]">DMA_Handler</a> from startup_da14531.o(.text) referenced from startup_da14531.o(RESET)
 <LI><a href="#[10]">GPIO0_Handler</a> from lto-llvm-7ec700.o(.text.GPIO0_Handler) referenced from startup_da14531.o(RESET)
 <LI><a href="#[11]">GPIO1_Handler</a> from lto-llvm-7ec700.o(.text.GPIO1_Handler) referenced from startup_da14531.o(RESET)
 <LI><a href="#[12]">GPIO2_Handler</a> from lto-llvm-7ec700.o(.text.GPIO2_Handler) referenced from startup_da14531.o(RESET)
 <LI><a href="#[13]">GPIO3_Handler</a> from lto-llvm-7ec700.o(.text.GPIO3_Handler) referenced from startup_da14531.o(RESET)
 <LI><a href="#[14]">GPIO4_Handler</a> from lto-llvm-7ec700.o(.text.GPIO4_Handler) referenced from startup_da14531.o(RESET)
 <LI><a href="#[2]">HardFault_Handler</a> from startup_da14531.o(.text) referenced from startup_da14531.o(RESET)
 <LI><a href="#[22]">HardFault_HandlerC</a> from lto-llvm-7ec700.o(.text.HardFault_HandlerC) referenced from startup_da14531.o(.text)
 <LI><a href="#[a]">I2C_Handler</a> from lto-llvm-7ec700.o(.text.I2C_Handler) referenced from startup_da14531.o(RESET)
 <LI><a href="#[88]">JT_l2cc_pdu_recv_ind_handler_func</a> from patch.o(.text) referenced from lto-llvm-7ec700.o(.rodata.rom_func_addr_table_var)
 <LI><a href="#[85]">JT_l2cc_pdu_unpack_func</a> from patch.o(.text) referenced from lto-llvm-7ec700.o(.rodata.rom_func_addr_table_var)
 <LI><a href="#[78]">JT_lld_test_mode_rx_func</a> from patch.o(.text) referenced from lto-llvm-7ec700.o(.rodata.rom_func_addr_table_var)
 <LI><a href="#[d]">KEYBRD_Handler</a> from startup_da14531.o(.text) referenced from startup_da14531.o(RESET)
 <LI><a href="#[1]">NMI_Handler</a> from startup_da14531.o(.text) referenced from startup_da14531.o(RESET)
 <LI><a href="#[21]">NMI_HandlerC</a> from lto-llvm-7ec700.o(.text.NMI_HandlerC) referenced from startup_da14531.o(.text)
 <LI><a href="#[46]">PATCHED_llc_data_ind_handler</a> from patch.o(.text) referenced from lto-llvm-7ec700.o(.rodata.my_custom_msg_handlers)
 <LI><a href="#[47]">PATCHED_lld_data_ind_handler</a> from patch.o(.text) referenced from lto-llvm-7ec700.o(.rodata.my_custom_msg_handlers)
 <LI><a href="#[2f]">PATCHED_llm_con_req_ind</a> from patch.o(.text) referenced from patch.o(.constdata)
 <LI><a href="#[30]">PATCHED_smpc_recv_pair_rand_pdu</a> from patch.o(.text) referenced from patch.o(.constdata)
 <LI><a href="#[31]">PATCHED_smpc_recv_public_key_exchange_pdu</a> from patch.o(.text) referenced from patch.o(.constdata)
 <LI><a href="#[8e]">PK_PointMult_func</a> from da14531_symbols.txt(ABSOLUTE) referenced from lto-llvm-7ec700.o(.rodata.rom_func_addr_table_var)
 <LI><a href="#[4]">PendSV_Handler</a> from startup_da14531.o(.text) referenced from startup_da14531.o(RESET)
 <LI><a href="#[2a]">RADIOCNTL_Handler</a> from lto-llvm-7ec700.o(.text.RADIOCNTL_Handler) referenced from lto-llvm-7ec700.o(.text.rf_init_func)
 <LI><a href="#[1b]">RESERVED21_Handler</a> from startup_da14531.o(.text) referenced from startup_da14531.o(RESET)
 <LI><a href="#[1c]">RESERVED22_Handler</a> from startup_da14531.o(.text) referenced from startup_da14531.o(RESET)
 <LI><a href="#[1d]">RESERVED23_Handler</a> from startup_da14531.o(.text) referenced from startup_da14531.o(RESET)
 <LI><a href="#[f]">RFCAL_Handler</a> from startup_da14531.o(.text) referenced from startup_da14531.o(RESET)
 <LI><a href="#[18]">RTC_Handler</a> from startup_da14531.o(.text) referenced from startup_da14531.o(RESET)
 <LI><a href="#[0]">Reset_Handler</a> from startup_da14531.o(.text) referenced from startup_da14531.o(RESET)
 <LI><a href="#[b]">SPI_Handler</a> from startup_da14531.o(.text) referenced from startup_da14531.o(RESET)
 <LI><a href="#[3]">SVC_Handler</a> from startup_da14531.o(.text) referenced from startup_da14531.o(RESET)
 <LI><a href="#[17]">SWTIM1_Handler</a> from startup_da14531.o(.text) referenced from startup_da14531.o(RESET)
 <LI><a href="#[15]">SWTIM_Handler</a> from startup_da14531.o(.text) referenced from startup_da14531.o(RESET)
 <LI><a href="#[5]">SysTick_Handler</a> from lto-llvm-7ec700.o(.text.SysTick_Handler) referenced from startup_da14531.o(RESET)
 <LI><a href="#[1f]">SystemInit</a> from lto-llvm-7ec700.o(system_DA14xxx) referenced from startup_da14531.o(.text)
 <LI><a href="#[9]">UART2_Handler</a> from lto-llvm-7ec700.o(.text.UART2_Handler) referenced from startup_da14531.o(RESET)
 <LI><a href="#[8]">UART_Handler</a> from da14531_symbols.txt(ABSOLUTE) referenced from startup_da14531.o(RESET)
 <LI><a href="#[59]">UART_Handler_func</a> from da14531_symbols.txt(ABSOLUTE) referenced from lto-llvm-7ec700.o(.rodata.rom_func_addr_table_var)
 <LI><a href="#[16]">WKUP_QUADEC_Handler</a> from lto-llvm-7ec700.o(.text.WKUP_QUADEC_Handler) referenced from startup_da14531.o(RESET)
 <LI><a href="#[1a]">XTAL32M_RDY_Handler</a> from startup_da14531.o(.text) referenced from startup_da14531.o(RESET)
 <LI><a href="#[20]">__main</a> from entry.o(.ARM.Collect$$$$00000000) referenced from startup_da14531.o(.text)
 <LI><a href="#[4b]">app_db_init_next</a> from lto-llvm-7ec700.o(.text.app_db_init_next) referenced from lto-llvm-7ec700.o(.rodata.rom_app_task_cfg)
 <LI><a href="#[48]">app_diss_create_db</a> from lto-llvm-7ec700.o(.text.app_diss_create_db) referenced from lto-llvm-7ec700.o(.rodata.prf_funcs)
 <LI><a href="#[45]">app_diss_process_handler</a> from lto-llvm-7ec700.o(.text.app_diss_process_handler) referenced from lto-llvm-7ec700.o(.rodata.app_process_handlers)
 <LI><a href="#[4a]">app_easy_gap_dev_configure</a> from lto-llvm-7ec700.o(.text.app_easy_gap_dev_configure) referenced from lto-llvm-7ec700.o(.rodata.rom_app_task_cfg)
 <LI><a href="#[43]">app_gap_process_handler</a> from lto-llvm-7ec700.o(.text.app_gap_process_handler) referenced from lto-llvm-7ec700.o(.rodata.app_process_handlers)
 <LI><a href="#[44]">app_timer_api_process_handler</a> from lto-llvm-7ec700.o(.text.app_timer_api_process_handler) referenced from lto-llvm-7ec700.o(.rodata.app_process_handlers)
 <LI><a href="#[50]">arch_force_active_mode</a> from lto-llvm-7ec700.o(.text.arch_force_active_mode) referenced from lto-llvm-7ec700.o(.rodata.rom_console_cfg)
 <LI><a href="#[4f]">arch_restore_sleep_mode</a> from lto-llvm-7ec700.o(.text.arch_restore_sleep_mode) referenced from lto-llvm-7ec700.o(.rodata.rom_console_cfg)
 <LI><a href="#[8b]">attc_l2cc_pdu_recv_handler_func</a> from da14531_symbols.txt(ABSOLUTE) referenced from lto-llvm-7ec700.o(.rodata.rom_func_addr_table_var)
 <LI><a href="#[8a]">atts_l2cc_pdu_recv_handler_func</a> from da14531_symbols.txt(ABSOLUTE) referenced from lto-llvm-7ec700.o(.rodata.rom_func_addr_table_var)
 <LI><a href="#[99]">ba431_get_rand_func</a> from lto-llvm-7ec700.o(.text.ba431_get_rand_func) referenced from lto-llvm-7ec700.o(.rodata.rom_func_addr_table_var)
 <LI><a href="#[9d]">ble_init_arp_func</a> from lto-llvm-7ec700.o(.text.ble_init_arp_func) referenced from lto-llvm-7ec700.o(.rodata.rom_func_addr_table_var)
 <LI><a href="#[2e]">buttonPress_isr</a> from lto-llvm-7ec700.o(.text.buttonPress_isr) referenced from lto-llvm-7ec700.o(.text.user_catch_rest_hndl)
 <LI><a href="#[8c]">crypto_init_func</a> from lto-llvm-7ec700.o(.text.crypto_init_func) referenced from lto-llvm-7ec700.o(.rodata.rom_func_addr_table_var)
 <LI><a href="#[81]">dbg_init_func_empty</a> from lto-llvm-7ec700.o(.text.dbg_init_func_empty) referenced from lto-llvm-7ec700.o(.rodata.rom_func_addr_table_var)
 <LI><a href="#[82]">dbg_platform_reset_complete_func_empty</a> from lto-llvm-7ec700.o(.text.dbg_platform_reset_complete_func_empty) referenced from lto-llvm-7ec700.o(.rodata.rom_func_addr_table_var)
 <LI><a href="#[a8]">default_app_generate_static_random_addr</a> from lto-llvm-7ec700.o(.text.default_app_generate_static_random_addr) referenced from lto-llvm-7ec700.o(.rodata.user_app_callbacks)
 <LI><a href="#[a2]">default_app_on_db_init_complete</a> from lto-llvm-7ec700.o(.text.default_app_on_db_init_complete) referenced from lto-llvm-7ec700.o(.rodata.user_app_callbacks)
 <LI><a href="#[a4]">default_app_on_get_dev_appearance</a> from lto-llvm-7ec700.o(.text.default_app_on_get_dev_appearance) referenced from lto-llvm-7ec700.o(.rodata.user_app_callbacks)
 <LI><a href="#[a3]">default_app_on_get_dev_name</a> from lto-llvm-7ec700.o(.text.default_app_on_get_dev_name) referenced from lto-llvm-7ec700.o(.rodata.user_app_callbacks)
 <LI><a href="#[a5]">default_app_on_get_dev_slv_pref_params</a> from lto-llvm-7ec700.o(.text.default_app_on_get_dev_slv_pref_params) referenced from lto-llvm-7ec700.o(.rodata.user_app_callbacks)
 <LI><a href="#[a0]">default_app_on_set_dev_config_complete</a> from lto-llvm-7ec700.o(.text.default_app_on_set_dev_config_complete) referenced from lto-llvm-7ec700.o(.rodata.user_app_callbacks)
 <LI><a href="#[a6]">default_app_on_set_dev_info</a> from lto-llvm-7ec700.o(.text.default_app_on_set_dev_info) referenced from lto-llvm-7ec700.o(.rodata.user_app_callbacks)
 <LI><a href="#[a7]">default_app_update_params_request</a> from lto-llvm-7ec700.o(.text.default_app_update_params_request) referenced from lto-llvm-7ec700.o(.rodata.user_app_callbacks)
 <LI><a href="#[97]">dia_rand_func</a> from lto-llvm-7ec700.o(.text.dia_rand_func) referenced from lto-llvm-7ec700.o(.rodata.rom_func_addr_table_var)
 <LI><a href="#[98]">dia_srand_func</a> from lto-llvm-7ec700.o(.text.dia_srand_func) referenced from lto-llvm-7ec700.o(.rodata.rom_func_addr_table_var)
 <LI><a href="#[49]">diss_prf_itf_get</a> from da14531_symbols.txt(ABSOLUTE) referenced from lto-llvm-7ec700.o(.rodata.prf_if)
 <LI><a href="#[35]">diss_value_req_ind_handler</a> from lto-llvm-7ec700.o(.text.diss_value_req_ind_handler) referenced from lto-llvm-7ec700.o(.rodata.app_diss_process_handlers)
 <LI><a href="#[38]">gapc_cmp_evt_handler</a> from lto-llvm-7ec700.o(.text.gapc_cmp_evt_handler) referenced from lto-llvm-7ec700.o(.rodata.app_gap_process_handlers)
 <LI><a href="#[39]">gapc_connection_req_ind_handler</a> from lto-llvm-7ec700.o(.text.gapc_connection_req_ind_handler) referenced from lto-llvm-7ec700.o(.rodata.app_gap_process_handlers)
 <LI><a href="#[3a]">gapc_disconnect_ind_handler</a> from lto-llvm-7ec700.o(.text.gapc_disconnect_ind_handler) referenced from lto-llvm-7ec700.o(.rodata.app_gap_process_handlers)
 <LI><a href="#[3b]">gapc_get_dev_info_req_ind_handler</a> from lto-llvm-7ec700.o(.text.gapc_get_dev_info_req_ind_handler) referenced from lto-llvm-7ec700.o(.rodata.app_gap_process_handlers)
 <LI><a href="#[40]">gapc_le_pkt_size_ind_handler_ROM</a> from da14531_symbols.txt(ABSOLUTE) referenced from lto-llvm-7ec700.o(.rodata.app_gap_process_handlers)
 <LI><a href="#[89]">gapc_lecb_connect_cfm_handler_func</a> from da14531_symbols.txt(ABSOLUTE) referenced from lto-llvm-7ec700.o(.rodata.rom_func_addr_table_var)
 <LI><a href="#[3f]">gapc_param_update_req_ind_handler_ROM</a> from da14531_symbols.txt(ABSOLUTE) referenced from lto-llvm-7ec700.o(.rodata.app_gap_process_handlers)
 <LI><a href="#[42]">gapc_peer_features_ind_handler_ROM</a> from da14531_symbols.txt(ABSOLUTE) referenced from lto-llvm-7ec700.o(.rodata.app_gap_process_handlers)
 <LI><a href="#[3c]">gapc_set_dev_info_req_ind_handler_ROM</a> from da14531_symbols.txt(ABSOLUTE) referenced from lto-llvm-7ec700.o(.rodata.app_gap_process_handlers)
 <LI><a href="#[3e]">gapm_adv_report_ind_handler_ROM</a> from da14531_symbols.txt(ABSOLUTE) referenced from lto-llvm-7ec700.o(.rodata.app_gap_process_handlers)
 <LI><a href="#[37]">gapm_cmp_evt_handler</a> from lto-llvm-7ec700.o(.text.gapm_cmp_evt_handler) referenced from lto-llvm-7ec700.o(.rodata.app_gap_process_handlers)
 <LI><a href="#[36]">gapm_device_ready_ind_handler</a> from lto-llvm-7ec700.o(.text.gapm_device_ready_ind_handler) referenced from lto-llvm-7ec700.o(.rodata.app_gap_process_handlers)
 <LI><a href="#[3d]">gapm_profile_added_ind_handler_ROM</a> from da14531_symbols.txt(ABSOLUTE) referenced from lto-llvm-7ec700.o(.rodata.app_gap_process_handlers)
 <LI><a href="#[41]">gattc_svc_changed_cfg_ind_handler_ROM</a> from da14531_symbols.txt(ABSOLUTE) referenced from lto-llvm-7ec700.o(.rodata.app_gap_process_handlers)
 <LI><a href="#[5b]">gtl_eif_init_func</a> from da14531_symbols.txt(ABSOLUTE) referenced from lto-llvm-7ec700.o(.rodata.rom_func_addr_table_var)
 <LI><a href="#[5d]">gtl_eif_read_hdr_func</a> from da14531_symbols.txt(ABSOLUTE) referenced from lto-llvm-7ec700.o(.rodata.rom_func_addr_table_var)
 <LI><a href="#[5e]">gtl_eif_read_payl_func</a> from da14531_symbols.txt(ABSOLUTE) referenced from lto-llvm-7ec700.o(.rodata.rom_func_addr_table_var)
 <LI><a href="#[5c]">gtl_eif_read_start_func</a> from da14531_symbols.txt(ABSOLUTE) referenced from lto-llvm-7ec700.o(.rodata.rom_func_addr_table_var)
 <LI><a href="#[60]">gtl_eif_rx_done_func</a> from da14531_symbols.txt(ABSOLUTE) referenced from lto-llvm-7ec700.o(.rodata.rom_func_addr_table_var)
 <LI><a href="#[5f]">gtl_eif_tx_done_func</a> from da14531_symbols.txt(ABSOLUTE) referenced from lto-llvm-7ec700.o(.rodata.rom_func_addr_table_var)
 <LI><a href="#[5a]">gtl_init_func</a> from da14531_symbols.txt(ABSOLUTE) referenced from lto-llvm-7ec700.o(.rodata.rom_func_addr_table_var)
 <LI><a href="#[61]">h4tl_init_func</a> from da14531_symbols.txt(ABSOLUTE) referenced from lto-llvm-7ec700.o(.rodata.rom_func_addr_table_var)
 <LI><a href="#[66]">h4tl_out_of_sync_func</a> from da14531_symbols.txt(ABSOLUTE) referenced from lto-llvm-7ec700.o(.rodata.rom_func_addr_table_var)
 <LI><a href="#[63]">h4tl_read_hdr_func</a> from da14531_symbols.txt(ABSOLUTE) referenced from lto-llvm-7ec700.o(.rodata.rom_func_addr_table_var)
 <LI><a href="#[65]">h4tl_read_next_out_of_sync_func</a> from da14531_symbols.txt(ABSOLUTE) referenced from lto-llvm-7ec700.o(.rodata.rom_func_addr_table_var)
 <LI><a href="#[64]">h4tl_read_payl_func</a> from da14531_symbols.txt(ABSOLUTE) referenced from lto-llvm-7ec700.o(.rodata.rom_func_addr_table_var)
 <LI><a href="#[62]">h4tl_read_start_func</a> from da14531_symbols.txt(ABSOLUTE) referenced from lto-llvm-7ec700.o(.rodata.rom_func_addr_table_var)
 <LI><a href="#[68]">h4tl_rx_done_func</a> from da14531_symbols.txt(ABSOLUTE) referenced from lto-llvm-7ec700.o(.rodata.rom_func_addr_table_var)
 <LI><a href="#[67]">h4tl_tx_done_func</a> from da14531_symbols.txt(ABSOLUTE) referenced from lto-llvm-7ec700.o(.rodata.rom_func_addr_table_var)
 <LI><a href="#[83]">hci_rd_local_supp_feats_cmd_handler_func</a> from da14531_symbols.txt(ABSOLUTE) referenced from lto-llvm-7ec700.o(.rodata.rom_func_addr_table_var)
 <LI><a href="#[69]">ke_task_init_func</a> from da14531_symbols.txt(ABSOLUTE) referenced from lto-llvm-7ec700.o(.rodata.rom_func_addr_table_var)
 <LI><a href="#[6a]">ke_timer_init_func</a> from da14531_symbols.txt(ABSOLUTE) referenced from lto-llvm-7ec700.o(.rodata.rom_func_addr_table_var)
 <LI><a href="#[87]">l2c_process_sdu_func</a> from da14531_symbols.txt(ABSOLUTE) referenced from lto-llvm-7ec700.o(.rodata.rom_func_addr_table_var)
 <LI><a href="#[86]">l2c_send_lecb_message_func</a> from da14531_symbols.txt(ABSOLUTE) referenced from lto-llvm-7ec700.o(.rodata.rom_func_addr_table_var)
 <LI><a href="#[84]">l2cc_pdu_pack_func</a> from da14531_symbols.txt(ABSOLUTE) referenced from lto-llvm-7ec700.o(.rodata.rom_func_addr_table_var)
 <LI><a href="#[93]">llc_le_length_conn_init_func</a> from da14531_symbols.txt(ABSOLUTE) referenced from lto-llvm-7ec700.o(.rodata.rom_func_addr_table_var)
 <LI><a href="#[92]">llc_le_length_effective_func</a> from da14531_symbols.txt(ABSOLUTE) referenced from lto-llvm-7ec700.o(.rodata.rom_func_addr_table_var)
 <LI><a href="#[96]">llc_pdu_send_func</a> from da14531_symbols.txt(ABSOLUTE) referenced from lto-llvm-7ec700.o(.rodata.rom_func_addr_table_var)
 <LI><a href="#[95]">lld_data_tx_check_func</a> from da14531_symbols.txt(ABSOLUTE) referenced from lto-llvm-7ec700.o(.rodata.rom_func_addr_table_var)
 <LI><a href="#[94]">lld_data_tx_prog_func</a> from da14531_symbols.txt(ABSOLUTE) referenced from lto-llvm-7ec700.o(.rodata.rom_func_addr_table_var)
 <LI><a href="#[72]">lld_sleep_compensate_func</a> from lto-llvm-7ec700.o(.text.lld_sleep_compensate_func) referenced from lto-llvm-7ec700.o(.rodata.rom_func_addr_table_var)
 <LI><a href="#[73]">lld_sleep_init_func</a> from lto-llvm-7ec700.o(.text.lld_sleep_init_func) referenced from lto-llvm-7ec700.o(.rodata.rom_func_addr_table_var)
 <LI><a href="#[75]">lld_sleep_lpcycles_2_us_sel_func</a> from lto-llvm-7ec700.o(.text.lld_sleep_lpcycles_2_us_sel_func) referenced from lto-llvm-7ec700.o(.rodata.rom_func_addr_table_var)
 <LI><a href="#[74]">lld_sleep_us_2_lpcycles_sel_func</a> from lto-llvm-7ec700.o(.text.lld_sleep_us_2_lpcycles_sel_func) referenced from lto-llvm-7ec700.o(.rodata.rom_func_addr_table_var)
 <LI><a href="#[77]">lld_test_mode_tx_func</a> from da14531_symbols.txt(ABSOLUTE) referenced from lto-llvm-7ec700.o(.rodata.rom_func_addr_table_var)
 <LI><a href="#[76]">lld_test_stop_func</a> from da14531_symbols.txt(ABSOLUTE) referenced from lto-llvm-7ec700.o(.rodata.rom_func_addr_table_var)
 <LI><a href="#[32]">llm_con_req_ind</a> from da14531_symbols.txt(ABSOLUTE) referenced from patch.o(.constdata)
 <LI><a href="#[90]">llm_create_p256_key_func</a> from da14531_symbols.txt(ABSOLUTE) referenced from lto-llvm-7ec700.o(.rodata.rom_func_addr_table_var)
 <LI><a href="#[6b]">llm_encryption_done_func</a> from da14531_symbols.txt(ABSOLUTE) referenced from lto-llvm-7ec700.o(.rodata.rom_func_addr_table_var)
 <LI><a href="#[8d]">llm_le_adv_report_ind_func</a> from da14531_symbols.txt(ABSOLUTE) referenced from lto-llvm-7ec700.o(.rodata.rom_func_addr_table_var)
 <LI><a href="#[91]">llm_p256_req_handler_func</a> from da14531_symbols.txt(ABSOLUTE) referenced from lto-llvm-7ec700.o(.rodata.rom_func_addr_table_var)
 <LI><a href="#[8f]">llm_p256_start_func</a> from da14531_symbols.txt(ABSOLUTE) referenced from lto-llvm-7ec700.o(.rodata.rom_func_addr_table_var)
 <LI><a href="#[1e]">main</a> from lto-llvm-7ec700.o(.text.main) referenced from entry9a.o(.ARM.Collect$$$$0000000B)
 <LI><a href="#[6e]">nvds_del_func</a> from da14531_symbols.txt(ABSOLUTE) referenced from lto-llvm-7ec700.o(.rodata.rom_func_addr_table_var)
 <LI><a href="#[6c]">nvds_get_func</a> from da14531_symbols.txt(ABSOLUTE) referenced from lto-llvm-7ec700.o(.rodata.rom_func_addr_table_var)
 <LI><a href="#[6f]">nvds_init_func</a> from da14531_symbols.txt(ABSOLUTE) referenced from lto-llvm-7ec700.o(.rodata.rom_func_addr_table_var)
 <LI><a href="#[6d]">nvds_put_func</a> from da14531_symbols.txt(ABSOLUTE) referenced from lto-llvm-7ec700.o(.rodata.rom_func_addr_table_var)
 <LI><a href="#[71]">platform_reset_func</a> from lto-llvm-7ec700.o(.text.platform_reset_func) referenced from lto-llvm-7ec700.o(.rodata.rom_func_addr_table_var)
 <LI><a href="#[7c]">prf_add_profile_func</a> from da14531_symbols.txt(ABSOLUTE) referenced from lto-llvm-7ec700.o(.rodata.rom_func_addr_table_var)
 <LI><a href="#[7e]">prf_cleanup_func</a> from da14531_symbols.txt(ABSOLUTE) referenced from lto-llvm-7ec700.o(.rodata.rom_func_addr_table_var)
 <LI><a href="#[7d]">prf_create_func</a> from lto-llvm-7ec700.o(.text.prf_create_func) referenced from lto-llvm-7ec700.o(.rodata.rom_func_addr_table_var)
 <LI><a href="#[7f]">prf_get_id_from_task_func</a> from da14531_symbols.txt(ABSOLUTE) referenced from lto-llvm-7ec700.o(.rodata.rom_func_addr_table_var)
 <LI><a href="#[80]">prf_get_task_from_id_func</a> from da14531_symbols.txt(ABSOLUTE) referenced from lto-llvm-7ec700.o(.rodata.rom_func_addr_table_var)
 <LI><a href="#[7b]">prf_init_func</a> from lto-llvm-7ec700.o(.text.prf_init_func) referenced from lto-llvm-7ec700.o(.rodata.rom_func_addr_table_var)
 <LI><a href="#[2d]">rf_force_agc_enable</a> from lto-llvm-7ec700.o(.text.rf_force_agc_enable) referenced from lto-llvm-7ec700.o(.text.rf_init_func)
 <LI><a href="#[51]">rf_init_func</a> from lto-llvm-7ec700.o(.text.rf_init_func) referenced from lto-llvm-7ec700.o(.rodata.rom_func_addr_table_var)
 <LI><a href="#[27]">rf_reg_rd</a> from lto-llvm-7ec700.o(.text.rf_reg_rd) referenced from lto-llvm-7ec700.o(.text.rf_init_func)
 <LI><a href="#[26]">rf_reg_wr</a> from lto-llvm-7ec700.o(.text.rf_reg_wr) referenced from lto-llvm-7ec700.o(.text.rf_init_func)
 <LI><a href="#[52]">rf_reinit_func</a> from lto-llvm-7ec700.o(.text.rf_reinit_func) referenced from lto-llvm-7ec700.o(.rodata.rom_func_addr_table_var)
 <LI><a href="#[2b]">rf_reset</a> from lto-llvm-7ec700.o(.text.rf_reset) referenced from lto-llvm-7ec700.o(.text.rf_init_func)
 <LI><a href="#[2c]">rf_rssi_convert</a> from lto-llvm-7ec700.o(.text.rf_rssi_convert) referenced from lto-llvm-7ec700.o(.text.rf_init_func)
 <LI><a href="#[29]">rf_sleep</a> from lto-llvm-7ec700.o(.text.rf_sleep) referenced from lto-llvm-7ec700.o(.text.rf_init_func)
 <LI><a href="#[28]">rf_txpwr_dbm_get</a> from lto-llvm-7ec700.o(.text.rf_txpwr_dbm_get) referenced from lto-llvm-7ec700.o(.text.rf_init_func)
 <LI><a href="#[7]">rwble_isr</a> from lto-llvm-7ec700.o(.text.rwble_isr) referenced from startup_da14531.o(RESET)
 <LI><a href="#[70]">rwip_eif_get_func</a> from da14531_symbols.txt(ABSOLUTE) referenced from lto-llvm-7ec700.o(.rodata.rom_func_addr_table_var)
 <LI><a href="#[79]">smpc_check_param_func</a> from da14531_symbols.txt(ABSOLUTE) referenced from lto-llvm-7ec700.o(.rodata.rom_func_addr_table_var)
 <LI><a href="#[9b]">smpc_dhkey_calc_ind_func</a> from da14531_symbols.txt(ABSOLUTE) referenced from lto-llvm-7ec700.o(.rodata.rom_func_addr_table_var)
 <LI><a href="#[7a]">smpc_pdu_recv_func</a> from da14531_symbols.txt(ABSOLUTE) referenced from lto-llvm-7ec700.o(.rodata.rom_func_addr_table_var)
 <LI><a href="#[9a]">smpc_public_key_exchange_start_func</a> from da14531_symbols.txt(ABSOLUTE) referenced from lto-llvm-7ec700.o(.rodata.rom_func_addr_table_var)
 <LI><a href="#[33]">smpc_recv_pair_rand_pdu</a> from da14531_symbols.txt(ABSOLUTE) referenced from patch.o(.constdata)
 <LI><a href="#[34]">smpc_recv_public_key_exchange_pdu</a> from da14531_symbols.txt(ABSOLUTE) referenced from patch.o(.constdata)
 <LI><a href="#[9c]">smpm_ecdh_key_create_empty_func</a> from lto-llvm-7ec700.o(.text.smpm_ecdh_key_create_empty_func) referenced from lto-llvm-7ec700.o(.rodata.rom_func_addr_table_var)
 <LI><a href="#[23]">timer_and_read_handler</a> from lto-llvm-7ec700.o(.text.timer_and_read_handler) referenced from lto-llvm-7ec700.o(.text.app_easy_timer)
 <LI><a href="#[25]">timer_canceled_handler</a> from lto-llvm-7ec700.o(.text.timer_canceled_handler) referenced from lto-llvm-7ec700.o(.text.app_timer_api_process_handler)
 <LI><a href="#[24]">timer_modified_handler</a> from lto-llvm-7ec700.o(.text.timer_modified_handler) referenced from lto-llvm-7ec700.o(.text.app_timer_api_process_handler)
 <LI><a href="#[4e]">uart_finish_transfers_adapt</a> from lto-llvm-7ec700.o(.text.uart_finish_transfers_adapt) referenced from lto-llvm-7ec700.o(.rodata.rom_console_cfg)
 <LI><a href="#[56]">uart_finish_transfers_func</a> from da14531_symbols.txt(ABSOLUTE) referenced from lto-llvm-7ec700.o(.rodata.rom_func_addr_table_var)
 <LI><a href="#[55]">uart_flow_off_func</a> from da14531_symbols.txt(ABSOLUTE) referenced from lto-llvm-7ec700.o(.rodata.rom_func_addr_table_var)
 <LI><a href="#[54]">uart_flow_on_func</a> from da14531_symbols.txt(ABSOLUTE) referenced from lto-llvm-7ec700.o(.rodata.rom_func_addr_table_var)
 <LI><a href="#[53]">uart_init_func</a> from da14531_symbols.txt(ABSOLUTE) referenced from lto-llvm-7ec700.o(.rodata.rom_func_addr_table_var)
 <LI><a href="#[57]">uart_read_func</a> from da14531_symbols.txt(ABSOLUTE) referenced from lto-llvm-7ec700.o(.rodata.rom_func_addr_table_var)
 <LI><a href="#[4d]">uart_write_adapt</a> from lto-llvm-7ec700.o(.text.uart_write_adapt) referenced from lto-llvm-7ec700.o(.rodata.rom_console_cfg)
 <LI><a href="#[58]">uart_write_func</a> from da14531_symbols.txt(ABSOLUTE) referenced from lto-llvm-7ec700.o(.rodata.rom_func_addr_table_var)
 <LI><a href="#[a1]">user_app_adv_undirect_complete</a> from lto-llvm-7ec700.o(.text.user_app_adv_undirect_complete) referenced from lto-llvm-7ec700.o(.rodata.user_app_callbacks)
 <LI><a href="#[9e]">user_app_connection</a> from lto-llvm-7ec700.o(.text.user_app_connection) referenced from lto-llvm-7ec700.o(.rodata.user_app_callbacks)
 <LI><a href="#[9f]">user_app_disconnect</a> from lto-llvm-7ec700.o(.text.user_app_disconnect) referenced from lto-llvm-7ec700.o(.rodata.user_app_callbacks)
 <LI><a href="#[4c]">user_catch_rest_hndl</a> from lto-llvm-7ec700.o(.text.user_catch_rest_hndl) referenced from lto-llvm-7ec700.o(.rodata.rom_app_task_cfg)
</UL>
<P>
<H3>
Global Symbols
</H3>
<P><STRONG><a name="[70]"></a>rwip_eif_get_func</STRONG> (Thumb, 0 bytes, Stack size 0 bytes, da14531_symbols.txt(ABSOLUTE), UNUSED)
<BR>[Address Reference Count : 1]<UL><LI> lto-llvm-7ec700.o(.rodata.rom_func_addr_table_var)
</UL>
<P><STRONG><a name="[f9]"></a>ble_init</STRONG> (Thumb, 0 bytes, Stack size 0 bytes, da14531_symbols.txt(ABSOLUTE))
<BR><BR>[Called By]<UL><LI><a href="#[1e]">&gt;&gt;</a>&nbsp;&nbsp;&nbsp;main
</UL>

<P><STRONG><a name="[109]"></a>ble_regs_push</STRONG> (Thumb, 0 bytes, Stack size 0 bytes, da14531_symbols.txt(ABSOLUTE))
<BR><BR>[Called By]<UL><LI><a href="#[1e]">&gt;&gt;</a>&nbsp;&nbsp;&nbsp;main
</UL>

<P><STRONG><a name="[dc]"></a>ble_regs_pop</STRONG> (Thumb, 0 bytes, Stack size 0 bytes, da14531_symbols.txt(ABSOLUTE))
<BR><BR>[Called By]<UL><LI><a href="#[6]">&gt;&gt;</a>&nbsp;&nbsp;&nbsp;BLE_WAKEUP_LP_Handler
</UL>

<P><STRONG><a name="[114]"></a>rf_reinit</STRONG> (Thumb, 0 bytes, Stack size 0 bytes, da14531_symbols.txt(ABSOLUTE))
<BR><BR>[Called By]<UL><LI><a href="#[7]">&gt;&gt;</a>&nbsp;&nbsp;&nbsp;rwble_isr
</UL>

<P><STRONG><a name="[b4]"></a>smpc_pdu_recv</STRONG> (Thumb, 0 bytes, Stack size 0 bytes, da14531_symbols.txt(ABSOLUTE))
<BR><BR>[Called By]<UL><LI><a href="#[88]">&gt;&gt;</a>&nbsp;&nbsp;&nbsp;JT_l2cc_pdu_recv_ind_handler_func
</UL>

<P><STRONG><a name="[8]"></a>UART_Handler</STRONG> (Thumb, 0 bytes, Stack size 0 bytes, da14531_symbols.txt(ABSOLUTE), UNUSED)
<BR>[Address Reference Count : 1]<UL><LI> startup_da14531.o(RESET)
</UL>
<P><STRONG><a name="[e9]"></a>dia_rand</STRONG> (Thumb, 0 bytes, Stack size 0 bytes, da14531_symbols.txt(ABSOLUTE))
<BR><BR>[Called By]<UL><LI><a href="#[99]">&gt;&gt;</a>&nbsp;&nbsp;&nbsp;ba431_get_rand_func
<LI><a href="#[a8]">&gt;&gt;</a>&nbsp;&nbsp;&nbsp;default_app_generate_static_random_addr
</UL>

<P><STRONG><a name="[f8]"></a>dia_srand</STRONG> (Thumb, 0 bytes, Stack size 0 bytes, da14531_symbols.txt(ABSOLUTE))
<BR><BR>[Called By]<UL><LI><a href="#[1e]">&gt;&gt;</a>&nbsp;&nbsp;&nbsp;main
</UL>

<P><STRONG><a name="[d1]"></a>co_buf_rx_free</STRONG> (Thumb, 0 bytes, Stack size 0 bytes, da14531_symbols.txt(ABSOLUTE))
<BR><BR>[Called By]<UL><LI><a href="#[46]">&gt;&gt;</a>&nbsp;&nbsp;&nbsp;PATCHED_llc_data_ind_handler
</UL>

<P><STRONG><a name="[b5]"></a>co_buf_rx_buffer_get</STRONG> (Thumb, 0 bytes, Stack size 0 bytes, da14531_symbols.txt(ABSOLUTE))
<BR><BR>[Called By]<UL><LI><a href="#[2f]">&gt;&gt;</a>&nbsp;&nbsp;&nbsp;PATCHED_llm_con_req_ind
</UL>

<P><STRONG><a name="[bb]"></a>co_buf_tx_buffer_get</STRONG> (Thumb, 0 bytes, Stack size 0 bytes, da14531_symbols.txt(ABSOLUTE))
<BR><BR>[Called By]<UL><LI><a href="#[2f]">&gt;&gt;</a>&nbsp;&nbsp;&nbsp;PATCHED_llm_con_req_ind
</UL>

<P><STRONG><a name="[92]"></a>llc_le_length_effective_func</STRONG> (Thumb, 0 bytes, Stack size 0 bytes, da14531_symbols.txt(ABSOLUTE), UNUSED)
<BR>[Address Reference Count : 1]<UL><LI> lto-llvm-7ec700.o(.rodata.rom_func_addr_table_var)
</UL>
<P><STRONG><a name="[93]"></a>llc_le_length_conn_init_func</STRONG> (Thumb, 0 bytes, Stack size 0 bytes, da14531_symbols.txt(ABSOLUTE), UNUSED)
<BR>[Address Reference Count : 1]<UL><LI> lto-llvm-7ec700.o(.rodata.rom_func_addr_table_var)
</UL>
<P><STRONG><a name="[bc]"></a>llc_le_con_cmp_evt_send</STRONG> (Thumb, 0 bytes, Stack size 0 bytes, da14531_symbols.txt(ABSOLUTE))
<BR><BR>[Called By]<UL><LI><a href="#[2f]">&gt;&gt;</a>&nbsp;&nbsp;&nbsp;PATCHED_llm_con_req_ind
</UL>

<P><STRONG><a name="[c4]"></a>llc_start</STRONG> (Thumb, 0 bytes, Stack size 0 bytes, da14531_symbols.txt(ABSOLUTE))
<BR><BR>[Called By]<UL><LI><a href="#[2f]">&gt;&gt;</a>&nbsp;&nbsp;&nbsp;PATCHED_llm_con_req_ind
</UL>

<P><STRONG><a name="[d3]"></a>llc_common_enc_key_ref_comp_evt_send</STRONG> (Thumb, 0 bytes, Stack size 0 bytes, da14531_symbols.txt(ABSOLUTE))
<BR><BR>[Called By]<UL><LI><a href="#[46]">&gt;&gt;</a>&nbsp;&nbsp;&nbsp;PATCHED_llc_data_ind_handler
</UL>

<P><STRONG><a name="[d4]"></a>llc_common_enc_change_evt_send</STRONG> (Thumb, 0 bytes, Stack size 0 bytes, da14531_symbols.txt(ABSOLUTE))
<BR><BR>[Called By]<UL><LI><a href="#[46]">&gt;&gt;</a>&nbsp;&nbsp;&nbsp;PATCHED_llc_data_ind_handler
</UL>

<P><STRONG><a name="[96]"></a>llc_pdu_send_func</STRONG> (Thumb, 0 bytes, Stack size 0 bytes, da14531_symbols.txt(ABSOLUTE), UNUSED)
<BR>[Address Reference Count : 1]<UL><LI> lto-llvm-7ec700.o(.rodata.rom_func_addr_table_var)
</UL>
<P><STRONG><a name="[d7]"></a>llc_lsto_timer_restart</STRONG> (Thumb, 0 bytes, Stack size 0 bytes, da14531_symbols.txt(ABSOLUTE))
<BR><BR>[Called By]<UL><LI><a href="#[47]">&gt;&gt;</a>&nbsp;&nbsp;&nbsp;PATCHED_lld_data_ind_handler
</UL>

<P><STRONG><a name="[d8]"></a>lld_data_ind_handler</STRONG> (Thumb, 0 bytes, Stack size 0 bytes, da14531_symbols.txt(ABSOLUTE))
<BR><BR>[Called By]<UL><LI><a href="#[47]">&gt;&gt;</a>&nbsp;&nbsp;&nbsp;PATCHED_lld_data_ind_handler
</UL>

<P><STRONG><a name="[b6]"></a>llc_util_get_free_conhdl</STRONG> (Thumb, 0 bytes, Stack size 0 bytes, da14531_symbols.txt(ABSOLUTE))
<BR><BR>[Called By]<UL><LI><a href="#[2f]">&gt;&gt;</a>&nbsp;&nbsp;&nbsp;PATCHED_llm_con_req_ind
</UL>

<P><STRONG><a name="[d5]"></a>llc_util_dicon_procedure</STRONG> (Thumb, 0 bytes, Stack size 0 bytes, da14531_symbols.txt(ABSOLUTE))
<BR><BR>[Called By]<UL><LI><a href="#[46]">&gt;&gt;</a>&nbsp;&nbsp;&nbsp;PATCHED_llc_data_ind_handler
</UL>

<P><STRONG><a name="[c5]"></a>llc_util_update_channel_map</STRONG> (Thumb, 0 bytes, Stack size 0 bytes, da14531_symbols.txt(ABSOLUTE))
<BR><BR>[Called By]<UL><LI><a href="#[2f]">&gt;&gt;</a>&nbsp;&nbsp;&nbsp;PATCHED_llm_con_req_ind
</UL>

<P><STRONG><a name="[d2]"></a>lld_get_mode</STRONG> (Thumb, 0 bytes, Stack size 0 bytes, da14531_symbols.txt(ABSOLUTE))
<BR><BR>[Called By]<UL><LI><a href="#[46]">&gt;&gt;</a>&nbsp;&nbsp;&nbsp;PATCHED_llc_data_ind_handler
</UL>

<P><STRONG><a name="[c3]"></a>lld_move_to_slave</STRONG> (Thumb, 0 bytes, Stack size 0 bytes, da14531_symbols.txt(ABSOLUTE))
<BR><BR>[Called By]<UL><LI><a href="#[2f]">&gt;&gt;</a>&nbsp;&nbsp;&nbsp;PATCHED_llm_con_req_ind
</UL>

<P><STRONG><a name="[112]"></a>lld_crypt_isr</STRONG> (Thumb, 0 bytes, Stack size 0 bytes, da14531_symbols.txt(ABSOLUTE))
<BR><BR>[Called By]<UL><LI><a href="#[7]">&gt;&gt;</a>&nbsp;&nbsp;&nbsp;rwble_isr
</UL>

<P><STRONG><a name="[77]"></a>lld_test_mode_tx_func</STRONG> (Thumb, 0 bytes, Stack size 0 bytes, da14531_symbols.txt(ABSOLUTE), UNUSED)
<BR>[Address Reference Count : 1]<UL><LI> lto-llvm-7ec700.o(.rodata.rom_func_addr_table_var)
</UL>
<P><STRONG><a name="[76]"></a>lld_test_stop_func</STRONG> (Thumb, 0 bytes, Stack size 0 bytes, da14531_symbols.txt(ABSOLUTE), UNUSED)
<BR>[Address Reference Count : 1]<UL><LI> lto-llvm-7ec700.o(.rodata.rom_func_addr_table_var)
</UL>
<P><STRONG><a name="[95]"></a>lld_data_tx_check_func</STRONG> (Thumb, 0 bytes, Stack size 0 bytes, da14531_symbols.txt(ABSOLUTE), UNUSED)
<BR>[Address Reference Count : 1]<UL><LI> lto-llvm-7ec700.o(.rodata.rom_func_addr_table_var)
</UL>
<P><STRONG><a name="[94]"></a>lld_data_tx_prog_func</STRONG> (Thumb, 0 bytes, Stack size 0 bytes, da14531_symbols.txt(ABSOLUTE), UNUSED)
<BR>[Address Reference Count : 1]<UL><LI> lto-llvm-7ec700.o(.rodata.rom_func_addr_table_var)
</UL>
<P><STRONG><a name="[bd]"></a>lld_evt_elt_delete</STRONG> (Thumb, 0 bytes, Stack size 0 bytes, da14531_symbols.txt(ABSOLUTE))
<BR><BR>[Called By]<UL><LI><a href="#[2f]">&gt;&gt;</a>&nbsp;&nbsp;&nbsp;PATCHED_llm_con_req_ind
</UL>

<P><STRONG><a name="[af]"></a>lld_evt_elt_insert</STRONG> (Thumb, 0 bytes, Stack size 0 bytes, da14531_symbols.txt(ABSOLUTE))
<BR><BR>[Called By]<UL><LI><a href="#[78]">&gt;&gt;</a>&nbsp;&nbsp;&nbsp;JT_lld_test_mode_rx_func
</UL>

<P><STRONG><a name="[ad]"></a>lld_evt_adv_create</STRONG> (Thumb, 0 bytes, Stack size 0 bytes, da14531_symbols.txt(ABSOLUTE))
<BR><BR>[Called By]<UL><LI><a href="#[78]">&gt;&gt;</a>&nbsp;&nbsp;&nbsp;JT_lld_test_mode_rx_func
</UL>

<P><STRONG><a name="[111]"></a>lld_evt_timer_isr</STRONG> (Thumb, 0 bytes, Stack size 0 bytes, da14531_symbols.txt(ABSOLUTE))
<BR><BR>[Called By]<UL><LI><a href="#[7]">&gt;&gt;</a>&nbsp;&nbsp;&nbsp;rwble_isr
</UL>

<P><STRONG><a name="[10d]"></a>lld_evt_end_isr</STRONG> (Thumb, 0 bytes, Stack size 0 bytes, da14531_symbols.txt(ABSOLUTE))
<BR><BR>[Called By]<UL><LI><a href="#[7]">&gt;&gt;</a>&nbsp;&nbsp;&nbsp;rwble_isr
</UL>

<P><STRONG><a name="[10f]"></a>lld_evt_rx_isr</STRONG> (Thumb, 0 bytes, Stack size 0 bytes, da14531_symbols.txt(ABSOLUTE))
<BR><BR>[Called By]<UL><LI><a href="#[7]">&gt;&gt;</a>&nbsp;&nbsp;&nbsp;rwble_isr
</UL>

<P><STRONG><a name="[108]"></a>lld_sleep_enter</STRONG> (Thumb, 0 bytes, Stack size 0 bytes, da14531_symbols.txt(ABSOLUTE))
<BR><BR>[Called By]<UL><LI><a href="#[1e]">&gt;&gt;</a>&nbsp;&nbsp;&nbsp;main
</UL>

<P><STRONG><a name="[ae]"></a>lld_util_freq2chnl</STRONG> (Thumb, 0 bytes, Stack size 0 bytes, da14531_symbols.txt(ABSOLUTE))
<BR><BR>[Called By]<UL><LI><a href="#[78]">&gt;&gt;</a>&nbsp;&nbsp;&nbsp;JT_lld_test_mode_rx_func
</UL>

<P><STRONG><a name="[c6]"></a>llm_wl_from_rl_restore</STRONG> (Thumb, 0 bytes, Stack size 0 bytes, da14531_symbols.txt(ABSOLUTE))
<BR><BR>[Called By]<UL><LI><a href="#[2f]">&gt;&gt;</a>&nbsp;&nbsp;&nbsp;PATCHED_llm_con_req_ind
</UL>

<P><STRONG><a name="[32]"></a>llm_con_req_ind</STRONG> (Thumb, 0 bytes, Stack size 0 bytes, da14531_symbols.txt(ABSOLUTE), UNUSED)
<BR>[Address Reference Count : 1]<UL><LI> patch.o(.constdata)
</UL>
<P><STRONG><a name="[8d]"></a>llm_le_adv_report_ind_func</STRONG> (Thumb, 0 bytes, Stack size 0 bytes, da14531_symbols.txt(ABSOLUTE), UNUSED)
<BR>[Address Reference Count : 1]<UL><LI> lto-llvm-7ec700.o(.rodata.rom_func_addr_table_var)
</UL>
<P><STRONG><a name="[6b]"></a>llm_encryption_done_func</STRONG> (Thumb, 0 bytes, Stack size 0 bytes, da14531_symbols.txt(ABSOLUTE), UNUSED)
<BR>[Address Reference Count : 1]<UL><LI> lto-llvm-7ec700.o(.rodata.rom_func_addr_table_var)
</UL>
<P><STRONG><a name="[8f]"></a>llm_p256_start_func</STRONG> (Thumb, 0 bytes, Stack size 0 bytes, da14531_symbols.txt(ABSOLUTE), UNUSED)
<BR>[Address Reference Count : 1]<UL><LI> lto-llvm-7ec700.o(.rodata.rom_func_addr_table_var)
</UL>
<P><STRONG><a name="[90]"></a>llm_create_p256_key_func</STRONG> (Thumb, 0 bytes, Stack size 0 bytes, da14531_symbols.txt(ABSOLUTE), UNUSED)
<BR>[Address Reference Count : 1]<UL><LI> lto-llvm-7ec700.o(.rodata.rom_func_addr_table_var)
</UL>
<P><STRONG><a name="[bf]"></a>llm_wlpub_addr_set</STRONG> (Thumb, 0 bytes, Stack size 0 bytes, da14531_symbols.txt(ABSOLUTE))
<BR><BR>[Called By]<UL><LI><a href="#[2f]">&gt;&gt;</a>&nbsp;&nbsp;&nbsp;PATCHED_llm_con_req_ind
</UL>

<P><STRONG><a name="[c0]"></a>llm_wlpriv_addr_set</STRONG> (Thumb, 0 bytes, Stack size 0 bytes, da14531_symbols.txt(ABSOLUTE))
<BR><BR>[Called By]<UL><LI><a href="#[2f]">&gt;&gt;</a>&nbsp;&nbsp;&nbsp;PATCHED_llm_con_req_ind
</UL>

<P><STRONG><a name="[91]"></a>llm_p256_req_handler_func</STRONG> (Thumb, 0 bytes, Stack size 0 bytes, da14531_symbols.txt(ABSOLUTE), UNUSED)
<BR>[Address Reference Count : 1]<UL><LI> lto-llvm-7ec700.o(.rodata.rom_func_addr_table_var)
</UL>
<P><STRONG><a name="[83]"></a>hci_rd_local_supp_feats_cmd_handler_func</STRONG> (Thumb, 0 bytes, Stack size 0 bytes, da14531_symbols.txt(ABSOLUTE), UNUSED)
<BR>[Address Reference Count : 1]<UL><LI> lto-llvm-7ec700.o(.rodata.rom_func_addr_table_var)
</UL>
<P><STRONG><a name="[be]"></a>llm_util_bd_addr_in_wl</STRONG> (Thumb, 0 bytes, Stack size 0 bytes, da14531_symbols.txt(ABSOLUTE))
<BR><BR>[Called By]<UL><LI><a href="#[2f]">&gt;&gt;</a>&nbsp;&nbsp;&nbsp;PATCHED_llm_con_req_ind
</UL>

<P><STRONG><a name="[c1]"></a>llm_util_bl_check</STRONG> (Thumb, 0 bytes, Stack size 0 bytes, da14531_symbols.txt(ABSOLUTE))
<BR><BR>[Called By]<UL><LI><a href="#[2f]">&gt;&gt;</a>&nbsp;&nbsp;&nbsp;PATCHED_llm_con_req_ind
</UL>

<P><STRONG><a name="[c2]"></a>llm_util_bl_add</STRONG> (Thumb, 0 bytes, Stack size 0 bytes, da14531_symbols.txt(ABSOLUTE))
<BR><BR>[Called By]<UL><LI><a href="#[2f]">&gt;&gt;</a>&nbsp;&nbsp;&nbsp;PATCHED_llm_con_req_ind
</UL>

<P><STRONG><a name="[b7]"></a>llm_util_rl_check</STRONG> (Thumb, 0 bytes, Stack size 0 bytes, da14531_symbols.txt(ABSOLUTE))
<BR><BR>[Called By]<UL><LI><a href="#[2f]">&gt;&gt;</a>&nbsp;&nbsp;&nbsp;PATCHED_llm_con_req_ind
</UL>

<P><STRONG><a name="[b8]"></a>llm_util_rl_peer_find</STRONG> (Thumb, 0 bytes, Stack size 0 bytes, da14531_symbols.txt(ABSOLUTE))
<BR><BR>[Called By]<UL><LI><a href="#[2f]">&gt;&gt;</a>&nbsp;&nbsp;&nbsp;PATCHED_llm_con_req_ind
</UL>

<P><STRONG><a name="[ba]"></a>llm_util_rl_peer_resolv</STRONG> (Thumb, 0 bytes, Stack size 0 bytes, da14531_symbols.txt(ABSOLUTE))
<BR><BR>[Called By]<UL><LI><a href="#[2f]">&gt;&gt;</a>&nbsp;&nbsp;&nbsp;PATCHED_llm_con_req_ind
</UL>

<P><STRONG><a name="[8e]"></a>PK_PointMult_func</STRONG> (Thumb, 0 bytes, Stack size 0 bytes, da14531_symbols.txt(ABSOLUTE), UNUSED)
<BR>[Address Reference Count : 1]<UL><LI> lto-llvm-7ec700.o(.rodata.rom_func_addr_table_var)
</UL>
<P><STRONG><a name="[10e]"></a>ea_finetimer_isr</STRONG> (Thumb, 0 bytes, Stack size 0 bytes, da14531_symbols.txt(ABSOLUTE))
<BR><BR>[Called By]<UL><LI><a href="#[7]">&gt;&gt;</a>&nbsp;&nbsp;&nbsp;rwble_isr
</UL>

<P><STRONG><a name="[110]"></a>ea_sw_isr</STRONG> (Thumb, 0 bytes, Stack size 0 bytes, da14531_symbols.txt(ABSOLUTE))
<BR><BR>[Called By]<UL><LI><a href="#[7]">&gt;&gt;</a>&nbsp;&nbsp;&nbsp;rwble_isr
</UL>

<P><STRONG><a name="[101]"></a>ea_sleep_check</STRONG> (Thumb, 0 bytes, Stack size 0 bytes, da14531_symbols.txt(ABSOLUTE))
<BR><BR>[Called By]<UL><LI><a href="#[1e]">&gt;&gt;</a>&nbsp;&nbsp;&nbsp;main
</UL>

<P><STRONG><a name="[53]"></a>uart_init_func</STRONG> (Thumb, 0 bytes, Stack size 0 bytes, da14531_symbols.txt(ABSOLUTE), UNUSED)
<BR>[Address Reference Count : 1]<UL><LI> lto-llvm-7ec700.o(.rodata.rom_func_addr_table_var)
</UL>
<P><STRONG><a name="[54]"></a>uart_flow_on_func</STRONG> (Thumb, 0 bytes, Stack size 0 bytes, da14531_symbols.txt(ABSOLUTE), UNUSED)
<BR>[Address Reference Count : 1]<UL><LI> lto-llvm-7ec700.o(.rodata.rom_func_addr_table_var)
</UL>
<P><STRONG><a name="[55]"></a>uart_flow_off_func</STRONG> (Thumb, 0 bytes, Stack size 0 bytes, da14531_symbols.txt(ABSOLUTE), UNUSED)
<BR>[Address Reference Count : 1]<UL><LI> lto-llvm-7ec700.o(.rodata.rom_func_addr_table_var)
</UL>
<P><STRONG><a name="[56]"></a>uart_finish_transfers_func</STRONG> (Thumb, 0 bytes, Stack size 0 bytes, da14531_symbols.txt(ABSOLUTE), UNUSED)
<BR>[Address Reference Count : 1]<UL><LI> lto-llvm-7ec700.o(.rodata.rom_func_addr_table_var)
</UL>
<P><STRONG><a name="[57]"></a>uart_read_func</STRONG> (Thumb, 0 bytes, Stack size 0 bytes, da14531_symbols.txt(ABSOLUTE), UNUSED)
<BR>[Address Reference Count : 1]<UL><LI> lto-llvm-7ec700.o(.rodata.rom_func_addr_table_var)
</UL>
<P><STRONG><a name="[58]"></a>uart_write_func</STRONG> (Thumb, 0 bytes, Stack size 0 bytes, da14531_symbols.txt(ABSOLUTE), UNUSED)
<BR>[Address Reference Count : 1]<UL><LI> lto-llvm-7ec700.o(.rodata.rom_func_addr_table_var)
</UL>
<P><STRONG><a name="[59]"></a>UART_Handler_func</STRONG> (Thumb, 0 bytes, Stack size 0 bytes, da14531_symbols.txt(ABSOLUTE), UNUSED)
<BR>[Address Reference Count : 1]<UL><LI> lto-llvm-7ec700.o(.rodata.rom_func_addr_table_var)
</UL>
<P><STRONG><a name="[5a]"></a>gtl_init_func</STRONG> (Thumb, 0 bytes, Stack size 0 bytes, da14531_symbols.txt(ABSOLUTE), UNUSED)
<BR>[Address Reference Count : 1]<UL><LI> lto-llvm-7ec700.o(.rodata.rom_func_addr_table_var)
</UL>
<P><STRONG><a name="[5c]"></a>gtl_eif_read_start_func</STRONG> (Thumb, 0 bytes, Stack size 0 bytes, da14531_symbols.txt(ABSOLUTE), UNUSED)
<BR>[Address Reference Count : 1]<UL><LI> lto-llvm-7ec700.o(.rodata.rom_func_addr_table_var)
</UL>
<P><STRONG><a name="[5d]"></a>gtl_eif_read_hdr_func</STRONG> (Thumb, 0 bytes, Stack size 0 bytes, da14531_symbols.txt(ABSOLUTE), UNUSED)
<BR>[Address Reference Count : 1]<UL><LI> lto-llvm-7ec700.o(.rodata.rom_func_addr_table_var)
</UL>
<P><STRONG><a name="[5e]"></a>gtl_eif_read_payl_func</STRONG> (Thumb, 0 bytes, Stack size 0 bytes, da14531_symbols.txt(ABSOLUTE), UNUSED)
<BR>[Address Reference Count : 1]<UL><LI> lto-llvm-7ec700.o(.rodata.rom_func_addr_table_var)
</UL>
<P><STRONG><a name="[5f]"></a>gtl_eif_tx_done_func</STRONG> (Thumb, 0 bytes, Stack size 0 bytes, da14531_symbols.txt(ABSOLUTE), UNUSED)
<BR>[Address Reference Count : 1]<UL><LI> lto-llvm-7ec700.o(.rodata.rom_func_addr_table_var)
</UL>
<P><STRONG><a name="[60]"></a>gtl_eif_rx_done_func</STRONG> (Thumb, 0 bytes, Stack size 0 bytes, da14531_symbols.txt(ABSOLUTE), UNUSED)
<BR>[Address Reference Count : 1]<UL><LI> lto-llvm-7ec700.o(.rodata.rom_func_addr_table_var)
</UL>
<P><STRONG><a name="[5b]"></a>gtl_eif_init_func</STRONG> (Thumb, 0 bytes, Stack size 0 bytes, da14531_symbols.txt(ABSOLUTE), UNUSED)
<BR>[Address Reference Count : 1]<UL><LI> lto-llvm-7ec700.o(.rodata.rom_func_addr_table_var)
</UL>
<P><STRONG><a name="[d6]"></a>hci_send_2_host</STRONG> (Thumb, 0 bytes, Stack size 0 bytes, da14531_symbols.txt(ABSOLUTE))
<BR><BR>[Called By]<UL><LI><a href="#[46]">&gt;&gt;</a>&nbsp;&nbsp;&nbsp;PATCHED_llc_data_ind_handler
</UL>

<P><STRONG><a name="[62]"></a>h4tl_read_start_func</STRONG> (Thumb, 0 bytes, Stack size 0 bytes, da14531_symbols.txt(ABSOLUTE), UNUSED)
<BR>[Address Reference Count : 1]<UL><LI> lto-llvm-7ec700.o(.rodata.rom_func_addr_table_var)
</UL>
<P><STRONG><a name="[63]"></a>h4tl_read_hdr_func</STRONG> (Thumb, 0 bytes, Stack size 0 bytes, da14531_symbols.txt(ABSOLUTE), UNUSED)
<BR>[Address Reference Count : 1]<UL><LI> lto-llvm-7ec700.o(.rodata.rom_func_addr_table_var)
</UL>
<P><STRONG><a name="[64]"></a>h4tl_read_payl_func</STRONG> (Thumb, 0 bytes, Stack size 0 bytes, da14531_symbols.txt(ABSOLUTE), UNUSED)
<BR>[Address Reference Count : 1]<UL><LI> lto-llvm-7ec700.o(.rodata.rom_func_addr_table_var)
</UL>
<P><STRONG><a name="[65]"></a>h4tl_read_next_out_of_sync_func</STRONG> (Thumb, 0 bytes, Stack size 0 bytes, da14531_symbols.txt(ABSOLUTE), UNUSED)
<BR>[Address Reference Count : 1]<UL><LI> lto-llvm-7ec700.o(.rodata.rom_func_addr_table_var)
</UL>
<P><STRONG><a name="[66]"></a>h4tl_out_of_sync_func</STRONG> (Thumb, 0 bytes, Stack size 0 bytes, da14531_symbols.txt(ABSOLUTE), UNUSED)
<BR>[Address Reference Count : 1]<UL><LI> lto-llvm-7ec700.o(.rodata.rom_func_addr_table_var)
</UL>
<P><STRONG><a name="[67]"></a>h4tl_tx_done_func</STRONG> (Thumb, 0 bytes, Stack size 0 bytes, da14531_symbols.txt(ABSOLUTE), UNUSED)
<BR>[Address Reference Count : 1]<UL><LI> lto-llvm-7ec700.o(.rodata.rom_func_addr_table_var)
</UL>
<P><STRONG><a name="[68]"></a>h4tl_rx_done_func</STRONG> (Thumb, 0 bytes, Stack size 0 bytes, da14531_symbols.txt(ABSOLUTE), UNUSED)
<BR>[Address Reference Count : 1]<UL><LI> lto-llvm-7ec700.o(.rodata.rom_func_addr_table_var)
</UL>
<P><STRONG><a name="[61]"></a>h4tl_init_func</STRONG> (Thumb, 0 bytes, Stack size 0 bytes, da14531_symbols.txt(ABSOLUTE), UNUSED)
<BR>[Address Reference Count : 1]<UL><LI> lto-llvm-7ec700.o(.rodata.rom_func_addr_table_var)
</UL>
<P><STRONG><a name="[8b]"></a>attc_l2cc_pdu_recv_handler_func</STRONG> (Thumb, 0 bytes, Stack size 0 bytes, da14531_symbols.txt(ABSOLUTE), UNUSED)
<BR>[Address Reference Count : 1]<UL><LI> lto-llvm-7ec700.o(.rodata.rom_func_addr_table_var)
</UL>
<P><STRONG><a name="[8a]"></a>atts_l2cc_pdu_recv_handler_func</STRONG> (Thumb, 0 bytes, Stack size 0 bytes, da14531_symbols.txt(ABSOLUTE), UNUSED)
<BR>[Address Reference Count : 1]<UL><LI> lto-llvm-7ec700.o(.rodata.rom_func_addr_table_var)
</UL>
<P><STRONG><a name="[cb]"></a>smpc_generate_e1</STRONG> (Thumb, 0 bytes, Stack size 0 bytes, da14531_symbols.txt(ABSOLUTE))
<BR><BR>[Called By]<UL><LI><a href="#[30]">&gt;&gt;</a>&nbsp;&nbsp;&nbsp;PATCHED_smpc_recv_pair_rand_pdu
</UL>

<P><STRONG><a name="[cd]"></a>smpc_pairing_end</STRONG> (Thumb, 0 bytes, Stack size 0 bytes, da14531_symbols.txt(ABSOLUTE))
<BR><BR>[Called By]<UL><LI><a href="#[31]">&gt;&gt;</a>&nbsp;&nbsp;&nbsp;PATCHED_smpc_recv_public_key_exchange_pdu
<LI><a href="#[30]">&gt;&gt;</a>&nbsp;&nbsp;&nbsp;PATCHED_smpc_recv_pair_rand_pdu
</UL>

<P><STRONG><a name="[cc]"></a>smpc_pdu_send</STRONG> (Thumb, 0 bytes, Stack size 0 bytes, da14531_symbols.txt(ABSOLUTE))
<BR><BR>[Called By]<UL><LI><a href="#[31]">&gt;&gt;</a>&nbsp;&nbsp;&nbsp;PATCHED_smpc_recv_public_key_exchange_pdu
<LI><a href="#[30]">&gt;&gt;</a>&nbsp;&nbsp;&nbsp;PATCHED_smpc_recv_pair_rand_pdu
</UL>

<P><STRONG><a name="[7a]"></a>smpc_pdu_recv_func</STRONG> (Thumb, 0 bytes, Stack size 0 bytes, da14531_symbols.txt(ABSOLUTE), UNUSED)
<BR>[Address Reference Count : 1]<UL><LI> lto-llvm-7ec700.o(.rodata.rom_func_addr_table_var)
</UL>
<P><STRONG><a name="[c9]"></a>smpc_generate_f4</STRONG> (Thumb, 0 bytes, Stack size 0 bytes, da14531_symbols.txt(ABSOLUTE))
<BR><BR>[Called By]<UL><LI><a href="#[30]">&gt;&gt;</a>&nbsp;&nbsp;&nbsp;PATCHED_smpc_recv_pair_rand_pdu
</UL>

<P><STRONG><a name="[ce]"></a>smpc_generate_g2</STRONG> (Thumb, 0 bytes, Stack size 0 bytes, da14531_symbols.txt(ABSOLUTE))
<BR><BR>[Called By]<UL><LI><a href="#[30]">&gt;&gt;</a>&nbsp;&nbsp;&nbsp;PATCHED_smpc_recv_pair_rand_pdu
</UL>

<P><STRONG><a name="[cf]"></a>smpc_generate_f5</STRONG> (Thumb, 0 bytes, Stack size 0 bytes, da14531_symbols.txt(ABSOLUTE))
<BR><BR>[Called By]<UL><LI><a href="#[30]">&gt;&gt;</a>&nbsp;&nbsp;&nbsp;PATCHED_smpc_recv_pair_rand_pdu
</UL>

<P><STRONG><a name="[ca]"></a>gapc_get_role</STRONG> (Thumb, 0 bytes, Stack size 0 bytes, da14531_symbols.txt(ABSOLUTE))
<BR><BR>[Called By]<UL><LI><a href="#[31]">&gt;&gt;</a>&nbsp;&nbsp;&nbsp;PATCHED_smpc_recv_public_key_exchange_pdu
<LI><a href="#[30]">&gt;&gt;</a>&nbsp;&nbsp;&nbsp;PATCHED_smpc_recv_pair_rand_pdu
</UL>

<P><STRONG><a name="[b0]"></a>gapc_lecnx_check_rx</STRONG> (Thumb, 0 bytes, Stack size 0 bytes, da14531_symbols.txt(ABSOLUTE))
<BR><BR>[Called By]<UL><LI><a href="#[85]">&gt;&gt;</a>&nbsp;&nbsp;&nbsp;JT_l2cc_pdu_unpack_func
</UL>

<P><STRONG><a name="[b3]"></a>l2cc_pdu_recv_ind_handler_func</STRONG> (Thumb, 0 bytes, Stack size 0 bytes, da14531_symbols.txt(ABSOLUTE))
<BR><BR>[Called By]<UL><LI><a href="#[88]">&gt;&gt;</a>&nbsp;&nbsp;&nbsp;JT_l2cc_pdu_recv_ind_handler_func
</UL>

<P><STRONG><a name="[89]"></a>gapc_lecb_connect_cfm_handler_func</STRONG> (Thumb, 0 bytes, Stack size 0 bytes, da14531_symbols.txt(ABSOLUTE), UNUSED)
<BR>[Address Reference Count : 1]<UL><LI> lto-llvm-7ec700.o(.rodata.rom_func_addr_table_var)
</UL>
<P><STRONG><a name="[84]"></a>l2cc_pdu_pack_func</STRONG> (Thumb, 0 bytes, Stack size 0 bytes, da14531_symbols.txt(ABSOLUTE), UNUSED)
<BR>[Address Reference Count : 1]<UL><LI> lto-llvm-7ec700.o(.rodata.rom_func_addr_table_var)
</UL>
<P><STRONG><a name="[87]"></a>l2c_process_sdu_func</STRONG> (Thumb, 0 bytes, Stack size 0 bytes, da14531_symbols.txt(ABSOLUTE), UNUSED)
<BR>[Address Reference Count : 1]<UL><LI> lto-llvm-7ec700.o(.rodata.rom_func_addr_table_var)
</UL>
<P><STRONG><a name="[86]"></a>l2c_send_lecb_message_func</STRONG> (Thumb, 0 bytes, Stack size 0 bytes, da14531_symbols.txt(ABSOLUTE), UNUSED)
<BR>[Address Reference Count : 1]<UL><LI> lto-llvm-7ec700.o(.rodata.rom_func_addr_table_var)
</UL>
<P><STRONG><a name="[79]"></a>smpc_check_param_func</STRONG> (Thumb, 0 bytes, Stack size 0 bytes, da14531_symbols.txt(ABSOLUTE), UNUSED)
<BR>[Address Reference Count : 1]<UL><LI> lto-llvm-7ec700.o(.rodata.rom_func_addr_table_var)
</UL>
<P><STRONG><a name="[33]"></a>smpc_recv_pair_rand_pdu</STRONG> (Thumb, 0 bytes, Stack size 0 bytes, da14531_symbols.txt(ABSOLUTE), UNUSED)
<BR>[Address Reference Count : 1]<UL><LI> patch.o(.constdata)
</UL>
<P><STRONG><a name="[34]"></a>smpc_recv_public_key_exchange_pdu</STRONG> (Thumb, 0 bytes, Stack size 0 bytes, da14531_symbols.txt(ABSOLUTE), UNUSED)
<BR>[Address Reference Count : 1]<UL><LI> patch.o(.constdata)
</UL>
<P><STRONG><a name="[9a]"></a>smpc_public_key_exchange_start_func</STRONG> (Thumb, 0 bytes, Stack size 0 bytes, da14531_symbols.txt(ABSOLUTE), UNUSED)
<BR>[Address Reference Count : 1]<UL><LI> lto-llvm-7ec700.o(.rodata.rom_func_addr_table_var)
</UL>
<P><STRONG><a name="[d0]"></a>smpc_dhkey_calc_start</STRONG> (Thumb, 0 bytes, Stack size 0 bytes, da14531_symbols.txt(ABSOLUTE))
<BR><BR>[Called By]<UL><LI><a href="#[31]">&gt;&gt;</a>&nbsp;&nbsp;&nbsp;PATCHED_smpc_recv_public_key_exchange_pdu
</UL>

<P><STRONG><a name="[9b]"></a>smpc_dhkey_calc_ind_func</STRONG> (Thumb, 0 bytes, Stack size 0 bytes, da14531_symbols.txt(ABSOLUTE), UNUSED)
<BR>[Address Reference Count : 1]<UL><LI> lto-llvm-7ec700.o(.rodata.rom_func_addr_table_var)
</UL>
<P><STRONG><a name="[106]"></a>ke_sleep_check</STRONG> (Thumb, 0 bytes, Stack size 0 bytes, da14531_symbols.txt(ABSOLUTE))
<BR><BR>[Called By]<UL><LI><a href="#[1e]">&gt;&gt;</a>&nbsp;&nbsp;&nbsp;main
</UL>

<P><STRONG><a name="[fa]"></a>ke_malloc</STRONG> (Thumb, 0 bytes, Stack size 0 bytes, da14531_symbols.txt(ABSOLUTE))
<BR><BR>[Called By]<UL><LI><a href="#[1e]">&gt;&gt;</a>&nbsp;&nbsp;&nbsp;main
<LI><a href="#[4c]">&gt;&gt;</a>&nbsp;&nbsp;&nbsp;user_catch_rest_hndl
</UL>

<P><STRONG><a name="[fc]"></a>ke_free</STRONG> (Thumb, 0 bytes, Stack size 0 bytes, da14531_symbols.txt(ABSOLUTE))
<BR><BR>[Called By]<UL><LI><a href="#[1e]">&gt;&gt;</a>&nbsp;&nbsp;&nbsp;main
<LI><a href="#[4c]">&gt;&gt;</a>&nbsp;&nbsp;&nbsp;user_catch_rest_hndl
</UL>

<P><STRONG><a name="[de]"></a>ke_msg_alloc</STRONG> (Thumb, 0 bytes, Stack size 0 bytes, da14531_symbols.txt(ABSOLUTE))
<BR><BR>[Called By]<UL><LI><a href="#[10]">&gt;&gt;</a>&nbsp;&nbsp;&nbsp;GPIO0_Handler
<LI><a href="#[2e]">&gt;&gt;</a>&nbsp;&nbsp;&nbsp;buttonPress_isr
<LI><a href="#[a1]">&gt;&gt;</a>&nbsp;&nbsp;&nbsp;user_app_adv_undirect_complete
<LI><a href="#[23]">&gt;&gt;</a>&nbsp;&nbsp;&nbsp;timer_and_read_handler
<LI><a href="#[e7]">&gt;&gt;</a>&nbsp;&nbsp;&nbsp;app_easy_timer
<LI><a href="#[44]">&gt;&gt;</a>&nbsp;&nbsp;&nbsp;app_timer_api_process_handler
<LI><a href="#[35]">&gt;&gt;</a>&nbsp;&nbsp;&nbsp;diss_value_req_ind_handler
<LI><a href="#[48]">&gt;&gt;</a>&nbsp;&nbsp;&nbsp;app_diss_create_db
<LI><a href="#[3b]">&gt;&gt;</a>&nbsp;&nbsp;&nbsp;gapc_get_dev_info_req_ind_handler
<LI><a href="#[9e]">&gt;&gt;</a>&nbsp;&nbsp;&nbsp;user_app_connection
<LI><a href="#[4c]">&gt;&gt;</a>&nbsp;&nbsp;&nbsp;user_catch_rest_hndl
<LI><a href="#[37]">&gt;&gt;</a>&nbsp;&nbsp;&nbsp;gapm_cmp_evt_handler
<LI><a href="#[36]">&gt;&gt;</a>&nbsp;&nbsp;&nbsp;gapm_device_ready_ind_handler
<LI><a href="#[4a]">&gt;&gt;</a>&nbsp;&nbsp;&nbsp;app_easy_gap_dev_configure
<LI><a href="#[a2]">&gt;&gt;</a>&nbsp;&nbsp;&nbsp;default_app_on_db_init_complete
<LI><a href="#[e5]">&gt;&gt;</a>&nbsp;&nbsp;&nbsp;app_easy_gap_undirected_advertise_start
<LI><a href="#[a0]">&gt;&gt;</a>&nbsp;&nbsp;&nbsp;default_app_on_set_dev_config_complete
</UL>

<P><STRONG><a name="[df]"></a>ke_msg_send</STRONG> (Thumb, 0 bytes, Stack size 0 bytes, da14531_symbols.txt(ABSOLUTE))
<BR><BR>[Called By]<UL><LI><a href="#[10]">&gt;&gt;</a>&nbsp;&nbsp;&nbsp;GPIO0_Handler
<LI><a href="#[2e]">&gt;&gt;</a>&nbsp;&nbsp;&nbsp;buttonPress_isr
<LI><a href="#[23]">&gt;&gt;</a>&nbsp;&nbsp;&nbsp;timer_and_read_handler
<LI><a href="#[e7]">&gt;&gt;</a>&nbsp;&nbsp;&nbsp;app_easy_timer
<LI><a href="#[44]">&gt;&gt;</a>&nbsp;&nbsp;&nbsp;app_timer_api_process_handler
<LI><a href="#[35]">&gt;&gt;</a>&nbsp;&nbsp;&nbsp;diss_value_req_ind_handler
<LI><a href="#[48]">&gt;&gt;</a>&nbsp;&nbsp;&nbsp;app_diss_create_db
<LI><a href="#[3b]">&gt;&gt;</a>&nbsp;&nbsp;&nbsp;gapc_get_dev_info_req_ind_handler
<LI><a href="#[9e]">&gt;&gt;</a>&nbsp;&nbsp;&nbsp;user_app_connection
<LI><a href="#[4c]">&gt;&gt;</a>&nbsp;&nbsp;&nbsp;user_catch_rest_hndl
<LI><a href="#[37]">&gt;&gt;</a>&nbsp;&nbsp;&nbsp;gapm_cmp_evt_handler
<LI><a href="#[36]">&gt;&gt;</a>&nbsp;&nbsp;&nbsp;gapm_device_ready_ind_handler
<LI><a href="#[4a]">&gt;&gt;</a>&nbsp;&nbsp;&nbsp;app_easy_gap_dev_configure
<LI><a href="#[e5]">&gt;&gt;</a>&nbsp;&nbsp;&nbsp;app_easy_gap_undirected_advertise_start
</UL>

<P><STRONG><a name="[69]"></a>ke_task_init_func</STRONG> (Thumb, 0 bytes, Stack size 0 bytes, da14531_symbols.txt(ABSOLUTE), UNUSED)
<BR>[Address Reference Count : 1]<UL><LI> lto-llvm-7ec700.o(.rodata.rom_func_addr_table_var)
</UL>
<P><STRONG><a name="[fe]"></a>ke_task_create</STRONG> (Thumb, 0 bytes, Stack size 0 bytes, da14531_symbols.txt(ABSOLUTE))
<BR><BR>[Called By]<UL><LI><a href="#[1e]">&gt;&gt;</a>&nbsp;&nbsp;&nbsp;main
<LI><a href="#[7b]">&gt;&gt;</a>&nbsp;&nbsp;&nbsp;prf_init_func
</UL>

<P><STRONG><a name="[c8]"></a>ke_state_set</STRONG> (Thumb, 0 bytes, Stack size 0 bytes, da14531_symbols.txt(ABSOLUTE))
<BR><BR>[Called By]<UL><LI><a href="#[2f]">&gt;&gt;</a>&nbsp;&nbsp;&nbsp;PATCHED_llm_con_req_ind
<LI><a href="#[1e]">&gt;&gt;</a>&nbsp;&nbsp;&nbsp;main
<LI><a href="#[39]">&gt;&gt;</a>&nbsp;&nbsp;&nbsp;gapc_connection_req_ind_handler
<LI><a href="#[e5]">&gt;&gt;</a>&nbsp;&nbsp;&nbsp;app_easy_gap_undirected_advertise_start
</UL>

<P><STRONG><a name="[b2]"></a>ke_state_get</STRONG> (Thumb, 0 bytes, Stack size 0 bytes, da14531_symbols.txt(ABSOLUTE))
<BR><BR>[Called By]<UL><LI><a href="#[46]">&gt;&gt;</a>&nbsp;&nbsp;&nbsp;PATCHED_llc_data_ind_handler
<LI><a href="#[88]">&gt;&gt;</a>&nbsp;&nbsp;&nbsp;JT_l2cc_pdu_recv_ind_handler_func
<LI><a href="#[3a]">&gt;&gt;</a>&nbsp;&nbsp;&nbsp;gapc_disconnect_ind_handler
<LI><a href="#[39]">&gt;&gt;</a>&nbsp;&nbsp;&nbsp;gapc_connection_req_ind_handler
<LI><a href="#[36]">&gt;&gt;</a>&nbsp;&nbsp;&nbsp;gapm_device_ready_ind_handler
</UL>

<P><STRONG><a name="[10b]"></a>ke_task_msg_flush</STRONG> (Thumb, 0 bytes, Stack size 0 bytes, da14531_symbols.txt(ABSOLUTE))
<BR><BR>[Called By]<UL><LI><a href="#[7b]">&gt;&gt;</a>&nbsp;&nbsp;&nbsp;prf_init_func
</UL>

<P><STRONG><a name="[6a]"></a>ke_timer_init_func</STRONG> (Thumb, 0 bytes, Stack size 0 bytes, da14531_symbols.txt(ABSOLUTE), UNUSED)
<BR>[Address Reference Count : 1]<UL><LI> lto-llvm-7ec700.o(.rodata.rom_func_addr_table_var)
</UL>
<P><STRONG><a name="[e8]"></a>ke_timer_set</STRONG> (Thumb, 0 bytes, Stack size 0 bytes, da14531_symbols.txt(ABSOLUTE))
<BR><BR>[Called By]<UL><LI><a href="#[e7]">&gt;&gt;</a>&nbsp;&nbsp;&nbsp;app_easy_timer
<LI><a href="#[44]">&gt;&gt;</a>&nbsp;&nbsp;&nbsp;app_timer_api_process_handler
</UL>

<P><STRONG><a name="[c7]"></a>ke_timer_clear</STRONG> (Thumb, 0 bytes, Stack size 0 bytes, da14531_symbols.txt(ABSOLUTE))
<BR><BR>[Called By]<UL><LI><a href="#[2f]">&gt;&gt;</a>&nbsp;&nbsp;&nbsp;PATCHED_llm_con_req_ind
</UL>

<P><STRONG><a name="[107]"></a>ke_timer_sleep_check</STRONG> (Thumb, 0 bytes, Stack size 0 bytes, da14531_symbols.txt(ABSOLUTE))
<BR><BR>[Called By]<UL><LI><a href="#[1e]">&gt;&gt;</a>&nbsp;&nbsp;&nbsp;main
</UL>

<P><STRONG><a name="[100]"></a>rwip_schedule</STRONG> (Thumb, 0 bytes, Stack size 0 bytes, da14531_symbols.txt(ABSOLUTE))
<BR><BR>[Called By]<UL><LI><a href="#[1e]">&gt;&gt;</a>&nbsp;&nbsp;&nbsp;main
</UL>

<P><STRONG><a name="[113]"></a>rwip_wakeup</STRONG> (Thumb, 0 bytes, Stack size 0 bytes, da14531_symbols.txt(ABSOLUTE))
<BR><BR>[Called By]<UL><LI><a href="#[7]">&gt;&gt;</a>&nbsp;&nbsp;&nbsp;rwble_isr
</UL>

<P><STRONG><a name="[115]"></a>rwip_wakeup_end</STRONG> (Thumb, 0 bytes, Stack size 0 bytes, da14531_symbols.txt(ABSOLUTE))
<BR><BR>[Called By]<UL><LI><a href="#[7]">&gt;&gt;</a>&nbsp;&nbsp;&nbsp;rwble_isr
</UL>

<P><STRONG><a name="[ef]"></a>rwip_wakeup_delay_set</STRONG> (Thumb, 0 bytes, Stack size 0 bytes, da14531_symbols.txt(ABSOLUTE))
<BR><BR>[Called By]<UL><LI><a href="#[73]">&gt;&gt;</a>&nbsp;&nbsp;&nbsp;lld_sleep_init_func
<LI><a href="#[1e]">&gt;&gt;</a>&nbsp;&nbsp;&nbsp;main
</UL>

<P><STRONG><a name="[e0]"></a>__aeabi_uidiv</STRONG> (Thumb, 0 bytes, Stack size 0 bytes, da14531_symbols.txt(ABSOLUTE))
<BR><BR>[Called By]<UL><LI><a href="#[72]">&gt;&gt;</a>&nbsp;&nbsp;&nbsp;lld_sleep_compensate_func
<LI><a href="#[a9]">&gt;&gt;</a>&nbsp;&nbsp;&nbsp;adc_correction_apply
<LI><a href="#[73]">&gt;&gt;</a>&nbsp;&nbsp;&nbsp;lld_sleep_init_func
<LI><a href="#[74]">&gt;&gt;</a>&nbsp;&nbsp;&nbsp;lld_sleep_us_2_lpcycles_sel_func
<LI><a href="#[1e]">&gt;&gt;</a>&nbsp;&nbsp;&nbsp;main
<LI><a href="#[2c]">&gt;&gt;</a>&nbsp;&nbsp;&nbsp;rf_rssi_convert
</UL>

<P><STRONG><a name="[e1]"></a>__aeabi_idiv</STRONG> (Thumb, 0 bytes, Stack size 0 bytes, da14531_symbols.txt(ABSOLUTE))
<BR><BR>[Called By]<UL><LI><a href="#[aa]">&gt;&gt;</a>&nbsp;&nbsp;&nbsp;temp_calc
<LI><a href="#[a9]">&gt;&gt;</a>&nbsp;&nbsp;&nbsp;adc_correction_apply
<LI><a href="#[1e]">&gt;&gt;</a>&nbsp;&nbsp;&nbsp;main
</UL>

<P><STRONG><a name="[ee]"></a>__aeabi_lmul</STRONG> (Thumb, 0 bytes, Stack size 0 bytes, da14531_symbols.txt(ABSOLUTE))
<BR><BR>[Called By]<UL><LI><a href="#[72]">&gt;&gt;</a>&nbsp;&nbsp;&nbsp;lld_sleep_compensate_func
<LI><a href="#[75]">&gt;&gt;</a>&nbsp;&nbsp;&nbsp;lld_sleep_lpcycles_2_us_sel_func
<LI><a href="#[1e]">&gt;&gt;</a>&nbsp;&nbsp;&nbsp;main
</UL>

<P><STRONG><a name="[eb]"></a>rand</STRONG> (Thumb, 0 bytes, Stack size 0 bytes, da14531_symbols.txt(ABSOLUTE))
<BR><BR>[Called By]<UL><LI><a href="#[97]">&gt;&gt;</a>&nbsp;&nbsp;&nbsp;dia_rand_func
</UL>

<P><STRONG><a name="[ec]"></a>srand</STRONG> (Thumb, 0 bytes, Stack size 0 bytes, da14531_symbols.txt(ABSOLUTE))
<BR><BR>[Called By]<UL><LI><a href="#[98]">&gt;&gt;</a>&nbsp;&nbsp;&nbsp;dia_srand_func
</UL>

<P><STRONG><a name="[b1]"></a>__aeabi_memcpy</STRONG> (Thumb, 0 bytes, Stack size 0 bytes, da14531_symbols.txt(ABSOLUTE))
<BR><BR>[Called By]<UL><LI><a href="#[85]">&gt;&gt;</a>&nbsp;&nbsp;&nbsp;JT_l2cc_pdu_unpack_func
<LI><a href="#[31]">&gt;&gt;</a>&nbsp;&nbsp;&nbsp;PATCHED_smpc_recv_public_key_exchange_pdu
<LI><a href="#[2f]">&gt;&gt;</a>&nbsp;&nbsp;&nbsp;PATCHED_llm_con_req_ind
<LI><a href="#[30]">&gt;&gt;</a>&nbsp;&nbsp;&nbsp;PATCHED_smpc_recv_pair_rand_pdu
<LI><a href="#[1e]">&gt;&gt;</a>&nbsp;&nbsp;&nbsp;main
<LI><a href="#[a1]">&gt;&gt;</a>&nbsp;&nbsp;&nbsp;user_app_adv_undirect_complete
<LI><a href="#[35]">&gt;&gt;</a>&nbsp;&nbsp;&nbsp;diss_value_req_ind_handler
<LI><a href="#[3b]">&gt;&gt;</a>&nbsp;&nbsp;&nbsp;gapc_get_dev_info_req_ind_handler
<LI><a href="#[9e]">&gt;&gt;</a>&nbsp;&nbsp;&nbsp;user_app_connection
<LI><a href="#[39]">&gt;&gt;</a>&nbsp;&nbsp;&nbsp;gapc_connection_req_ind_handler
<LI><a href="#[4c]">&gt;&gt;</a>&nbsp;&nbsp;&nbsp;user_catch_rest_hndl
<LI><a href="#[37]">&gt;&gt;</a>&nbsp;&nbsp;&nbsp;gapm_cmp_evt_handler
<LI><a href="#[a6]">&gt;&gt;</a>&nbsp;&nbsp;&nbsp;default_app_on_set_dev_info
<LI><a href="#[a3]">&gt;&gt;</a>&nbsp;&nbsp;&nbsp;default_app_on_get_dev_name
<LI><a href="#[a2]">&gt;&gt;</a>&nbsp;&nbsp;&nbsp;default_app_on_db_init_complete
<LI><a href="#[e5]">&gt;&gt;</a>&nbsp;&nbsp;&nbsp;app_easy_gap_undirected_advertise_start
<LI><a href="#[a0]">&gt;&gt;</a>&nbsp;&nbsp;&nbsp;default_app_on_set_dev_config_complete
</UL>

<P><STRONG><a name="[da]"></a>__aeabi_memcpy4</STRONG> (Thumb, 0 bytes, Stack size 0 bytes, da14531_symbols.txt(ABSOLUTE))
<BR><BR>[Called By]<UL><LI><a href="#[d9]">&gt;&gt;</a>&nbsp;&nbsp;&nbsp;patch_func
<LI><a href="#[9d]">&gt;&gt;</a>&nbsp;&nbsp;&nbsp;ble_init_arp_func
</UL>

<P><STRONG><a name="[e4]"></a>__aeabi_memclr</STRONG> (Thumb, 0 bytes, Stack size 0 bytes, da14531_symbols.txt(ABSOLUTE))
<BR><BR>[Called By]<UL><LI><a href="#[37]">&gt;&gt;</a>&nbsp;&nbsp;&nbsp;gapm_cmp_evt_handler
<LI><a href="#[4a]">&gt;&gt;</a>&nbsp;&nbsp;&nbsp;app_easy_gap_dev_configure
</UL>

<P><STRONG><a name="[f5]"></a>__aeabi_memclr8</STRONG> (Thumb, 0 bytes, Stack size 0 bytes, da14531_symbols.txt(ABSOLUTE))
<BR><BR>[Called By]<UL><LI><a href="#[1e]">&gt;&gt;</a>&nbsp;&nbsp;&nbsp;main
</UL>

<P><STRONG><a name="[b9]"></a>memcmp</STRONG> (Thumb, 0 bytes, Stack size 0 bytes, da14531_symbols.txt(ABSOLUTE))
<BR><BR>[Called By]<UL><LI><a href="#[31]">&gt;&gt;</a>&nbsp;&nbsp;&nbsp;PATCHED_smpc_recv_public_key_exchange_pdu
<LI><a href="#[2f]">&gt;&gt;</a>&nbsp;&nbsp;&nbsp;PATCHED_llm_con_req_ind
<LI><a href="#[30]">&gt;&gt;</a>&nbsp;&nbsp;&nbsp;PATCHED_smpc_recv_pair_rand_pdu
<LI><a href="#[4c]">&gt;&gt;</a>&nbsp;&nbsp;&nbsp;user_catch_rest_hndl
</UL>

<P><STRONG><a name="[f1]"></a>__aeabi_llsl</STRONG> (Thumb, 0 bytes, Stack size 0 bytes, da14531_symbols.txt(ABSOLUTE))
<BR><BR>[Called By]<UL><LI><a href="#[1e]">&gt;&gt;</a>&nbsp;&nbsp;&nbsp;main
</UL>

<P><STRONG><a name="[dd]"></a>arch_printf</STRONG> (Thumb, 0 bytes, Stack size 0 bytes, da14531_symbols.txt(ABSOLUTE))
<BR><BR>[Called By]<UL><LI><a href="#[10]">&gt;&gt;</a>&nbsp;&nbsp;&nbsp;GPIO0_Handler
<LI><a href="#[1e]">&gt;&gt;</a>&nbsp;&nbsp;&nbsp;main
<LI><a href="#[2e]">&gt;&gt;</a>&nbsp;&nbsp;&nbsp;buttonPress_isr
<LI><a href="#[9f]">&gt;&gt;</a>&nbsp;&nbsp;&nbsp;user_app_disconnect
<LI><a href="#[3a]">&gt;&gt;</a>&nbsp;&nbsp;&nbsp;gapc_disconnect_ind_handler
<LI><a href="#[9e]">&gt;&gt;</a>&nbsp;&nbsp;&nbsp;user_app_connection
<LI><a href="#[4c]">&gt;&gt;</a>&nbsp;&nbsp;&nbsp;user_catch_rest_hndl
</UL>

<P><STRONG><a name="[105]"></a>arch_printf_process</STRONG> (Thumb, 0 bytes, Stack size 0 bytes, da14531_symbols.txt(ABSOLUTE))
<BR><BR>[Called By]<UL><LI><a href="#[1e]">&gt;&gt;</a>&nbsp;&nbsp;&nbsp;main
<LI><a href="#[4c]">&gt;&gt;</a>&nbsp;&nbsp;&nbsp;user_catch_rest_hndl
</UL>

<P><STRONG><a name="[6c]"></a>nvds_get_func</STRONG> (Thumb, 0 bytes, Stack size 0 bytes, da14531_symbols.txt(ABSOLUTE), UNUSED)
<BR>[Address Reference Count : 1]<UL><LI> lto-llvm-7ec700.o(.rodata.rom_func_addr_table_var)
</UL>
<P><STRONG><a name="[6f]"></a>nvds_init_func</STRONG> (Thumb, 0 bytes, Stack size 0 bytes, da14531_symbols.txt(ABSOLUTE), UNUSED)
<BR>[Address Reference Count : 1]<UL><LI> lto-llvm-7ec700.o(.rodata.rom_func_addr_table_var)
</UL>
<P><STRONG><a name="[6e]"></a>nvds_del_func</STRONG> (Thumb, 0 bytes, Stack size 0 bytes, da14531_symbols.txt(ABSOLUTE), UNUSED)
<BR>[Address Reference Count : 1]<UL><LI> lto-llvm-7ec700.o(.rodata.rom_func_addr_table_var)
</UL>
<P><STRONG><a name="[6d]"></a>nvds_put_func</STRONG> (Thumb, 0 bytes, Stack size 0 bytes, da14531_symbols.txt(ABSOLUTE), UNUSED)
<BR>[Address Reference Count : 1]<UL><LI> lto-llvm-7ec700.o(.rodata.rom_func_addr_table_var)
</UL>
<P><STRONG><a name="[fb]"></a>trng_acquire</STRONG> (Thumb, 0 bytes, Stack size 0 bytes, da14531_symbols.txt(ABSOLUTE))
<BR><BR>[Called By]<UL><LI><a href="#[1e]">&gt;&gt;</a>&nbsp;&nbsp;&nbsp;main
</UL>

<P><STRONG><a name="[7c]"></a>prf_add_profile_func</STRONG> (Thumb, 0 bytes, Stack size 0 bytes, da14531_symbols.txt(ABSOLUTE), UNUSED)
<BR>[Address Reference Count : 1]<UL><LI> lto-llvm-7ec700.o(.rodata.rom_func_addr_table_var)
</UL>
<P><STRONG><a name="[7e]"></a>prf_cleanup_func</STRONG> (Thumb, 0 bytes, Stack size 0 bytes, da14531_symbols.txt(ABSOLUTE), UNUSED)
<BR>[Address Reference Count : 1]<UL><LI> lto-llvm-7ec700.o(.rodata.rom_func_addr_table_var)
</UL>
<P><STRONG><a name="[7f]"></a>prf_get_id_from_task_func</STRONG> (Thumb, 0 bytes, Stack size 0 bytes, da14531_symbols.txt(ABSOLUTE), UNUSED)
<BR>[Address Reference Count : 1]<UL><LI> lto-llvm-7ec700.o(.rodata.rom_func_addr_table_var)
</UL>
<P><STRONG><a name="[80]"></a>prf_get_task_from_id_func</STRONG> (Thumb, 0 bytes, Stack size 0 bytes, da14531_symbols.txt(ABSOLUTE), UNUSED)
<BR>[Address Reference Count : 1]<UL><LI> lto-llvm-7ec700.o(.rodata.rom_func_addr_table_var)
</UL>
<P><STRONG><a name="[10a]"></a>prf_itf_get</STRONG> (Thumb, 0 bytes, Stack size 0 bytes, da14531_symbols.txt(ABSOLUTE))
<BR><BR>[Called By]<UL><LI><a href="#[7d]">&gt;&gt;</a>&nbsp;&nbsp;&nbsp;prf_create_func
<LI><a href="#[7b]">&gt;&gt;</a>&nbsp;&nbsp;&nbsp;prf_init_func
</UL>

<P><STRONG><a name="[49]"></a>diss_prf_itf_get</STRONG> (Thumb, 0 bytes, Stack size 0 bytes, da14531_symbols.txt(ABSOLUTE), UNUSED)
<BR>[Address Reference Count : 1]<UL><LI> lto-llvm-7ec700.o(.rodata.prf_if)
</UL>
<P><STRONG><a name="[3e]"></a>gapm_adv_report_ind_handler_ROM</STRONG> (Thumb, 0 bytes, Stack size 0 bytes, da14531_symbols.txt(ABSOLUTE), UNUSED)
<BR>[Address Reference Count : 1]<UL><LI> lto-llvm-7ec700.o(.rodata.app_gap_process_handlers)
</UL>
<P><STRONG><a name="[3c]"></a>gapc_set_dev_info_req_ind_handler_ROM</STRONG> (Thumb, 0 bytes, Stack size 0 bytes, da14531_symbols.txt(ABSOLUTE), UNUSED)
<BR>[Address Reference Count : 1]<UL><LI> lto-llvm-7ec700.o(.rodata.app_gap_process_handlers)
</UL>
<P><STRONG><a name="[3d]"></a>gapm_profile_added_ind_handler_ROM</STRONG> (Thumb, 0 bytes, Stack size 0 bytes, da14531_symbols.txt(ABSOLUTE), UNUSED)
<BR>[Address Reference Count : 1]<UL><LI> lto-llvm-7ec700.o(.rodata.app_gap_process_handlers)
</UL>
<P><STRONG><a name="[3f]"></a>gapc_param_update_req_ind_handler_ROM</STRONG> (Thumb, 0 bytes, Stack size 0 bytes, da14531_symbols.txt(ABSOLUTE), UNUSED)
<BR>[Address Reference Count : 1]<UL><LI> lto-llvm-7ec700.o(.rodata.app_gap_process_handlers)
</UL>
<P><STRONG><a name="[40]"></a>gapc_le_pkt_size_ind_handler_ROM</STRONG> (Thumb, 0 bytes, Stack size 0 bytes, da14531_symbols.txt(ABSOLUTE), UNUSED)
<BR>[Address Reference Count : 1]<UL><LI> lto-llvm-7ec700.o(.rodata.app_gap_process_handlers)
</UL>
<P><STRONG><a name="[41]"></a>gattc_svc_changed_cfg_ind_handler_ROM</STRONG> (Thumb, 0 bytes, Stack size 0 bytes, da14531_symbols.txt(ABSOLUTE), UNUSED)
<BR>[Address Reference Count : 1]<UL><LI> lto-llvm-7ec700.o(.rodata.app_gap_process_handlers)
</UL>
<P><STRONG><a name="[42]"></a>gapc_peer_features_ind_handler_ROM</STRONG> (Thumb, 0 bytes, Stack size 0 bytes, da14531_symbols.txt(ABSOLUTE), UNUSED)
<BR>[Address Reference Count : 1]<UL><LI> lto-llvm-7ec700.o(.rodata.app_gap_process_handlers)
</UL>
<P><STRONG><a name="[e3]"></a>app_std_process_event</STRONG> (Thumb, 0 bytes, Stack size 0 bytes, da14531_symbols.txt(ABSOLUTE))
<BR><BR>[Called By]<UL><LI><a href="#[45]">&gt;&gt;</a>&nbsp;&nbsp;&nbsp;app_diss_process_handler
<LI><a href="#[43]">&gt;&gt;</a>&nbsp;&nbsp;&nbsp;app_gap_process_handler
</UL>

<P><STRONG><a name="[fd]"></a>__aeabi_uldivmod</STRONG> (Thumb, 0 bytes, Stack size 0 bytes, da14531_symbols.txt(ABSOLUTE))
<BR><BR>[Called By]<UL><LI><a href="#[1e]">&gt;&gt;</a>&nbsp;&nbsp;&nbsp;main
</UL>

<P><STRONG><a name="[ea]"></a>app_db_init_start</STRONG> (Thumb, 0 bytes, Stack size 0 bytes, da14531_symbols.txt(ABSOLUTE))
<BR><BR>[Called By]<UL><LI><a href="#[37]">&gt;&gt;</a>&nbsp;&nbsp;&nbsp;gapm_cmp_evt_handler
<LI><a href="#[a0]">&gt;&gt;</a>&nbsp;&nbsp;&nbsp;default_app_on_set_dev_config_complete
</UL>

<P><STRONG><a name="[ed]"></a>app_easy_gap_confirm</STRONG> (Thumb, 0 bytes, Stack size 0 bytes, da14531_symbols.txt(ABSOLUTE))
<BR><BR>[Called By]<UL><LI><a href="#[39]">&gt;&gt;</a>&nbsp;&nbsp;&nbsp;gapc_connection_req_ind_handler
</UL>

<P><STRONG><a name="[e6]"></a>append_device_name</STRONG> (Thumb, 0 bytes, Stack size 0 bytes, da14531_symbols.txt(ABSOLUTE))
<BR><BR>[Called By]<UL><LI><a href="#[a1]">&gt;&gt;</a>&nbsp;&nbsp;&nbsp;user_app_adv_undirect_complete
<LI><a href="#[9e]">&gt;&gt;</a>&nbsp;&nbsp;&nbsp;user_app_connection
<LI><a href="#[37]">&gt;&gt;</a>&nbsp;&nbsp;&nbsp;gapm_cmp_evt_handler
<LI><a href="#[a2]">&gt;&gt;</a>&nbsp;&nbsp;&nbsp;default_app_on_db_init_complete
<LI><a href="#[e5]">&gt;&gt;</a>&nbsp;&nbsp;&nbsp;app_easy_gap_undirected_advertise_start
<LI><a href="#[a0]">&gt;&gt;</a>&nbsp;&nbsp;&nbsp;default_app_on_set_dev_config_complete
</UL>

<P><STRONG><a name="[e2]"></a>get_user_prf_srv_perm</STRONG> (Thumb, 0 bytes, Stack size 0 bytes, da14531_symbols.txt(ABSOLUTE))
<BR><BR>[Called By]<UL><LI><a href="#[48]">&gt;&gt;</a>&nbsp;&nbsp;&nbsp;app_diss_create_db
</UL>

<P><STRONG><a name="[ff]"></a>prf_init_srv_perm</STRONG> (Thumb, 0 bytes, Stack size 0 bytes, da14531_symbols.txt(ABSOLUTE))
<BR><BR>[Called By]<UL><LI><a href="#[1e]">&gt;&gt;</a>&nbsp;&nbsp;&nbsp;main
</UL>

<P><STRONG><a name="[20]"></a>__main</STRONG> (Thumb, 0 bytes, Stack size unknown bytes, entry.o(.ARM.Collect$$$$00000000))
<BR>[Address Reference Count : 1]<UL><LI> startup_da14531.o(.text)
</UL>
<P><STRONG><a name="[116]"></a>_main_stk</STRONG> (Thumb, 0 bytes, Stack size unknown bytes, entry2.o(.ARM.Collect$$$$00000001))

<P><STRONG><a name="[ab]"></a>_main_scatterload</STRONG> (Thumb, 0 bytes, Stack size unknown bytes, entry5.o(.ARM.Collect$$$$00000004))
<BR><BR>[Calls]<UL><LI><a href="#[ac]">&gt;&gt;</a>&nbsp;&nbsp;&nbsp;__scatterload
</UL>

<P><STRONG><a name="[db]"></a>__main_after_scatterload</STRONG> (Thumb, 0 bytes, Stack size unknown bytes, entry5.o(.ARM.Collect$$$$00000004))
<BR><BR>[Called By]<UL><LI><a href="#[ac]">&gt;&gt;</a>&nbsp;&nbsp;&nbsp;__scatterload
</UL>

<P><STRONG><a name="[117]"></a>_main_clock</STRONG> (Thumb, 0 bytes, Stack size unknown bytes, entry7b.o(.ARM.Collect$$$$00000008))

<P><STRONG><a name="[118]"></a>_main_cpp_init</STRONG> (Thumb, 0 bytes, Stack size unknown bytes, entry8b.o(.ARM.Collect$$$$0000000A))

<P><STRONG><a name="[119]"></a>_main_init</STRONG> (Thumb, 0 bytes, Stack size unknown bytes, entry9a.o(.ARM.Collect$$$$0000000B))

<P><STRONG><a name="[11a]"></a>__rt_final_cpp</STRONG> (Thumb, 0 bytes, Stack size unknown bytes, entry10a.o(.ARM.Collect$$$$0000000D))

<P><STRONG><a name="[11b]"></a>__rt_final_exit</STRONG> (Thumb, 0 bytes, Stack size unknown bytes, entry11a.o(.ARM.Collect$$$$0000000F))

<P><STRONG><a name="[0]"></a>Reset_Handler</STRONG> (Thumb, 8 bytes, Stack size 0 bytes, startup_da14531.o(.text))
<BR>[Address Reference Count : 1]<UL><LI> startup_da14531.o(RESET)
</UL>
<P><STRONG><a name="[3]"></a>SVC_Handler</STRONG> (Thumb, 2 bytes, Stack size 0 bytes, startup_da14531.o(.text))
<BR><BR>[Calls]<UL><LI><a href="#[3]">&gt;&gt;</a>&nbsp;&nbsp;&nbsp;SVC_Handler
</UL>
<BR>[Called By]<UL><LI><a href="#[3]">&gt;&gt;</a>&nbsp;&nbsp;&nbsp;SVC_Handler
</UL>
<BR>[Address Reference Count : 1]<UL><LI> startup_da14531.o(RESET)
</UL>
<P><STRONG><a name="[4]"></a>PendSV_Handler</STRONG> (Thumb, 2 bytes, Stack size 0 bytes, startup_da14531.o(.text))
<BR><BR>[Calls]<UL><LI><a href="#[4]">&gt;&gt;</a>&nbsp;&nbsp;&nbsp;PendSV_Handler
</UL>
<BR>[Called By]<UL><LI><a href="#[4]">&gt;&gt;</a>&nbsp;&nbsp;&nbsp;PendSV_Handler
</UL>
<BR>[Address Reference Count : 1]<UL><LI> startup_da14531.o(RESET)
</UL>
<P><STRONG><a name="[e]"></a>BLE_RF_DIAG_Handler</STRONG> (Thumb, 0 bytes, Stack size 0 bytes, startup_da14531.o(.text))
<BR><BR>[Calls]<UL><LI><a href="#[e]">&gt;&gt;</a>&nbsp;&nbsp;&nbsp;BLE_RF_DIAG_Handler
</UL>
<BR>[Called By]<UL><LI><a href="#[e]">&gt;&gt;</a>&nbsp;&nbsp;&nbsp;BLE_RF_DIAG_Handler
</UL>
<BR>[Address Reference Count : 1]<UL><LI> startup_da14531.o(RESET)
</UL>
<P><STRONG><a name="[19]"></a>DMA_Handler</STRONG> (Thumb, 0 bytes, Stack size 0 bytes, startup_da14531.o(.text))
<BR>[Address Reference Count : 1]<UL><LI> startup_da14531.o(RESET)
</UL>
<P><STRONG><a name="[d]"></a>KEYBRD_Handler</STRONG> (Thumb, 0 bytes, Stack size 0 bytes, startup_da14531.o(.text))
<BR>[Address Reference Count : 1]<UL><LI> startup_da14531.o(RESET)
</UL>
<P><STRONG><a name="[1b]"></a>RESERVED21_Handler</STRONG> (Thumb, 0 bytes, Stack size 0 bytes, startup_da14531.o(.text))
<BR>[Address Reference Count : 1]<UL><LI> startup_da14531.o(RESET)
</UL>
<P><STRONG><a name="[1c]"></a>RESERVED22_Handler</STRONG> (Thumb, 0 bytes, Stack size 0 bytes, startup_da14531.o(.text))
<BR>[Address Reference Count : 1]<UL><LI> startup_da14531.o(RESET)
</UL>
<P><STRONG><a name="[1d]"></a>RESERVED23_Handler</STRONG> (Thumb, 0 bytes, Stack size 0 bytes, startup_da14531.o(.text))
<BR>[Address Reference Count : 1]<UL><LI> startup_da14531.o(RESET)
</UL>
<P><STRONG><a name="[f]"></a>RFCAL_Handler</STRONG> (Thumb, 0 bytes, Stack size 0 bytes, startup_da14531.o(.text))
<BR>[Address Reference Count : 1]<UL><LI> startup_da14531.o(RESET)
</UL>
<P><STRONG><a name="[18]"></a>RTC_Handler</STRONG> (Thumb, 0 bytes, Stack size 0 bytes, startup_da14531.o(.text))
<BR>[Address Reference Count : 1]<UL><LI> startup_da14531.o(RESET)
</UL>
<P><STRONG><a name="[b]"></a>SPI_Handler</STRONG> (Thumb, 0 bytes, Stack size 0 bytes, startup_da14531.o(.text))
<BR>[Address Reference Count : 1]<UL><LI> startup_da14531.o(RESET)
</UL>
<P><STRONG><a name="[17]"></a>SWTIM1_Handler</STRONG> (Thumb, 0 bytes, Stack size 0 bytes, startup_da14531.o(.text))
<BR>[Address Reference Count : 1]<UL><LI> startup_da14531.o(RESET)
</UL>
<P><STRONG><a name="[15]"></a>SWTIM_Handler</STRONG> (Thumb, 0 bytes, Stack size 0 bytes, startup_da14531.o(.text))
<BR>[Address Reference Count : 1]<UL><LI> startup_da14531.o(RESET)
</UL>
<P><STRONG><a name="[1a]"></a>XTAL32M_RDY_Handler</STRONG> (Thumb, 0 bytes, Stack size 0 bytes, startup_da14531.o(.text))
<BR>[Address Reference Count : 1]<UL><LI> startup_da14531.o(RESET)
</UL>
<P><STRONG><a name="[78]"></a>JT_lld_test_mode_rx_func</STRONG> (Thumb, 142 bytes, Stack size 24 bytes, patch.o(.text))
<BR><BR>[Stack]<UL><LI>Max Depth = 24<LI>Call Chain = JT_lld_test_mode_rx_func
</UL>
<BR>[Calls]<UL><LI><a href="#[ae]">&gt;&gt;</a>&nbsp;&nbsp;&nbsp;lld_util_freq2chnl
<LI><a href="#[ad]">&gt;&gt;</a>&nbsp;&nbsp;&nbsp;lld_evt_adv_create
<LI><a href="#[af]">&gt;&gt;</a>&nbsp;&nbsp;&nbsp;lld_evt_elt_insert
</UL>
<BR>[Address Reference Count : 1]<UL><LI> lto-llvm-7ec700.o(.rodata.rom_func_addr_table_var)
</UL>
<P><STRONG><a name="[85]"></a>JT_l2cc_pdu_unpack_func</STRONG> (Thumb, 786 bytes, Stack size 80 bytes, patch.o(.text))
<BR><BR>[Stack]<UL><LI>Max Depth = 80<LI>Call Chain = JT_l2cc_pdu_unpack_func
</UL>
<BR>[Calls]<UL><LI><a href="#[b1]">&gt;&gt;</a>&nbsp;&nbsp;&nbsp;__aeabi_memcpy
<LI><a href="#[b0]">&gt;&gt;</a>&nbsp;&nbsp;&nbsp;gapc_lecnx_check_rx
</UL>
<BR>[Address Reference Count : 1]<UL><LI> lto-llvm-7ec700.o(.rodata.rom_func_addr_table_var)
</UL>
<P><STRONG><a name="[88]"></a>JT_l2cc_pdu_recv_ind_handler_func</STRONG> (Thumb, 72 bytes, Stack size 40 bytes, patch.o(.text))
<BR><BR>[Stack]<UL><LI>Max Depth = 40<LI>Call Chain = JT_l2cc_pdu_recv_ind_handler_func
</UL>
<BR>[Calls]<UL><LI><a href="#[b4]">&gt;&gt;</a>&nbsp;&nbsp;&nbsp;smpc_pdu_recv
<LI><a href="#[b2]">&gt;&gt;</a>&nbsp;&nbsp;&nbsp;ke_state_get
<LI><a href="#[b3]">&gt;&gt;</a>&nbsp;&nbsp;&nbsp;l2cc_pdu_recv_ind_handler_func
</UL>
<BR>[Address Reference Count : 1]<UL><LI> lto-llvm-7ec700.o(.rodata.rom_func_addr_table_var)
</UL>
<P><STRONG><a name="[2f]"></a>PATCHED_llm_con_req_ind</STRONG> (Thumb, 814 bytes, Stack size 120 bytes, patch.o(.text))
<BR><BR>[Stack]<UL><LI>Max Depth = 120<LI>Call Chain = PATCHED_llm_con_req_ind
</UL>
<BR>[Calls]<UL><LI><a href="#[ba]">&gt;&gt;</a>&nbsp;&nbsp;&nbsp;llm_util_rl_peer_resolv
<LI><a href="#[b8]">&gt;&gt;</a>&nbsp;&nbsp;&nbsp;llm_util_rl_peer_find
<LI><a href="#[b7]">&gt;&gt;</a>&nbsp;&nbsp;&nbsp;llm_util_rl_check
<LI><a href="#[c2]">&gt;&gt;</a>&nbsp;&nbsp;&nbsp;llm_util_bl_add
<LI><a href="#[c1]">&gt;&gt;</a>&nbsp;&nbsp;&nbsp;llm_util_bl_check
<LI><a href="#[be]">&gt;&gt;</a>&nbsp;&nbsp;&nbsp;llm_util_bd_addr_in_wl
<LI><a href="#[c6]">&gt;&gt;</a>&nbsp;&nbsp;&nbsp;llm_wl_from_rl_restore
<LI><a href="#[bd]">&gt;&gt;</a>&nbsp;&nbsp;&nbsp;lld_evt_elt_delete
<LI><a href="#[c3]">&gt;&gt;</a>&nbsp;&nbsp;&nbsp;lld_move_to_slave
<LI><a href="#[c5]">&gt;&gt;</a>&nbsp;&nbsp;&nbsp;llc_util_update_channel_map
<LI><a href="#[b6]">&gt;&gt;</a>&nbsp;&nbsp;&nbsp;llc_util_get_free_conhdl
<LI><a href="#[c4]">&gt;&gt;</a>&nbsp;&nbsp;&nbsp;llc_start
<LI><a href="#[bc]">&gt;&gt;</a>&nbsp;&nbsp;&nbsp;llc_le_con_cmp_evt_send
<LI><a href="#[bb]">&gt;&gt;</a>&nbsp;&nbsp;&nbsp;co_buf_tx_buffer_get
<LI><a href="#[b5]">&gt;&gt;</a>&nbsp;&nbsp;&nbsp;co_buf_rx_buffer_get
<LI><a href="#[b9]">&gt;&gt;</a>&nbsp;&nbsp;&nbsp;memcmp
<LI><a href="#[c7]">&gt;&gt;</a>&nbsp;&nbsp;&nbsp;ke_timer_clear
<LI><a href="#[c8]">&gt;&gt;</a>&nbsp;&nbsp;&nbsp;ke_state_set
<LI><a href="#[c0]">&gt;&gt;</a>&nbsp;&nbsp;&nbsp;llm_wlpriv_addr_set
<LI><a href="#[bf]">&gt;&gt;</a>&nbsp;&nbsp;&nbsp;llm_wlpub_addr_set
<LI><a href="#[b1]">&gt;&gt;</a>&nbsp;&nbsp;&nbsp;__aeabi_memcpy
</UL>
<BR>[Address Reference Count : 1]<UL><LI> patch.o(.constdata)
</UL>
<P><STRONG><a name="[31]"></a>PATCHED_smpc_recv_public_key_exchange_pdu</STRONG> (Thumb, 106 bytes, Stack size 24 bytes, patch.o(.text))
<BR><BR>[Stack]<UL><LI>Max Depth = 24<LI>Call Chain = PATCHED_smpc_recv_public_key_exchange_pdu
</UL>
<BR>[Calls]<UL><LI><a href="#[b9]">&gt;&gt;</a>&nbsp;&nbsp;&nbsp;memcmp
<LI><a href="#[b1]">&gt;&gt;</a>&nbsp;&nbsp;&nbsp;__aeabi_memcpy
<LI><a href="#[d0]">&gt;&gt;</a>&nbsp;&nbsp;&nbsp;smpc_dhkey_calc_start
<LI><a href="#[ca]">&gt;&gt;</a>&nbsp;&nbsp;&nbsp;gapc_get_role
<LI><a href="#[cc]">&gt;&gt;</a>&nbsp;&nbsp;&nbsp;smpc_pdu_send
<LI><a href="#[cd]">&gt;&gt;</a>&nbsp;&nbsp;&nbsp;smpc_pairing_end
</UL>
<BR>[Address Reference Count : 1]<UL><LI> patch.o(.constdata)
</UL>
<P><STRONG><a name="[46]"></a>PATCHED_llc_data_ind_handler</STRONG> (Thumb, 176 bytes, Stack size 40 bytes, patch.o(.text))
<BR><BR>[Stack]<UL><LI>Max Depth = 40<LI>Call Chain = PATCHED_llc_data_ind_handler
</UL>
<BR>[Calls]<UL><LI><a href="#[d6]">&gt;&gt;</a>&nbsp;&nbsp;&nbsp;hci_send_2_host
<LI><a href="#[d2]">&gt;&gt;</a>&nbsp;&nbsp;&nbsp;lld_get_mode
<LI><a href="#[d5]">&gt;&gt;</a>&nbsp;&nbsp;&nbsp;llc_util_dicon_procedure
<LI><a href="#[d4]">&gt;&gt;</a>&nbsp;&nbsp;&nbsp;llc_common_enc_change_evt_send
<LI><a href="#[d3]">&gt;&gt;</a>&nbsp;&nbsp;&nbsp;llc_common_enc_key_ref_comp_evt_send
<LI><a href="#[d1]">&gt;&gt;</a>&nbsp;&nbsp;&nbsp;co_buf_rx_free
<LI><a href="#[b2]">&gt;&gt;</a>&nbsp;&nbsp;&nbsp;ke_state_get
</UL>
<BR>[Address Reference Count : 1]<UL><LI> lto-llvm-7ec700.o(.rodata.my_custom_msg_handlers)
</UL>
<P><STRONG><a name="[10c]"></a>lld_drop_packet_fix</STRONG> (Thumb, 64 bytes, Stack size 0 bytes, patch.o(.text))
<BR><BR>[Called By]<UL><LI><a href="#[7]">&gt;&gt;</a>&nbsp;&nbsp;&nbsp;rwble_isr
</UL>

<P><STRONG><a name="[47]"></a>PATCHED_lld_data_ind_handler</STRONG> (Thumb, 58 bytes, Stack size 40 bytes, patch.o(.text))
<BR><BR>[Stack]<UL><LI>Max Depth = 40<LI>Call Chain = PATCHED_lld_data_ind_handler
</UL>
<BR>[Calls]<UL><LI><a href="#[d8]">&gt;&gt;</a>&nbsp;&nbsp;&nbsp;lld_data_ind_handler
<LI><a href="#[d7]">&gt;&gt;</a>&nbsp;&nbsp;&nbsp;llc_lsto_timer_restart
</UL>
<BR>[Address Reference Count : 1]<UL><LI> lto-llvm-7ec700.o(.rodata.my_custom_msg_handlers)
</UL>
<P><STRONG><a name="[d9]"></a>patch_func</STRONG> (Thumb, 44 bytes, Stack size 8 bytes, patch.o(.text))
<BR><BR>[Stack]<UL><LI>Max Depth = 8<LI>Call Chain = patch_func
</UL>
<BR>[Calls]<UL><LI><a href="#[da]">&gt;&gt;</a>&nbsp;&nbsp;&nbsp;__aeabi_memcpy4
</UL>
<BR>[Called By]<UL><LI><a href="#[f7]">&gt;&gt;</a>&nbsp;&nbsp;&nbsp;periph_init
</UL>

[...]
</UL>
<BR>[Calls]<UL><LI><a href="#[e0]">&gt;&gt;</a>&nbsp;&nbsp;&nbsp;__aeabi_uidiv
</UL>
<BR>[Address Reference Count : 1]<UL><LI> lto-llvm-7ec700.o(.text.rf_init_func)
</UL>
<P><STRONG><a name="[2d]"></a>rf_force_agc_enable</STRONG> (Thumb, 2 bytes, Stack size 0 bytes, lto-llvm-7ec700.o(.text.rf_force_agc_enable))
<BR>[Address Reference Count : 1]<UL><LI> lto-llvm-7ec700.o(.text.rf_init_func)
</UL>
<P><STRONG><a name="[52]"></a>rf_reinit_func</STRONG> (Thumb, 408 bytes, Stack size 32 bytes, lto-llvm-7ec700.o(.text.rf_reinit_func))
<BR><BR>[Stack]<UL><LI>Max Depth = 60<LI>Call Chain = rf_reinit_func &rArr; set_recommended_settings
</UL>
<BR>[Calls]<UL><LI><a href="#[103]">&gt;&gt;</a>&nbsp;&nbsp;&nbsp;set_recommended_settings
<LI><a href="#[102]">&gt;&gt;</a>&nbsp;&nbsp;&nbsp;rf_adplldig_activate
</UL>
<BR>[Address Reference Count : 1]<UL><LI> lto-llvm-7ec700.o(.rodata.rom_func_addr_table_var)
</UL>
<P><STRONG><a name="[9d]"></a>ble_init_arp_func</STRONG> (Thumb, 28 bytes, Stack size 8 bytes, lto-llvm-7ec700.o(.text.ble_init_arp_func))
<BR><BR>[Stack]<UL><LI>Max Depth = 8<LI>Call Chain = ble_init_arp_func
</UL>
<BR>[Calls]<UL><LI><a href="#[da]">&gt;&gt;</a>&nbsp;&nbsp;&nbsp;__aeabi_memcpy4
</UL>
<BR>[Address Reference Count : 1]<UL><LI> lto-llvm-7ec700.o(.rodata.rom_func_addr_table_var)
</UL>
<P><STRONG><a name="[7b]"></a>prf_init_func</STRONG> (Thumb, 72 bytes, Stack size 8 bytes, lto-llvm-7ec700.o(.text.prf_init_func))
<BR><BR>[Stack]<UL><LI>Max Depth = 8<LI>Call Chain = prf_init_func
</UL>
<BR>[Calls]<UL><LI><a href="#[10b]">&gt;&gt;</a>&nbsp;&nbsp;&nbsp;ke_task_msg_flush
<LI><a href="#[10a]">&gt;&gt;</a>&nbsp;&nbsp;&nbsp;prf_itf_get
<LI><a href="#[fe]">&gt;&gt;</a>&nbsp;&nbsp;&nbsp;ke_task_create
</UL>
<BR>[Address Reference Count : 1]<UL><LI> lto-llvm-7ec700.o(.rodata.rom_func_addr_table_var)
</UL>
<P><STRONG><a name="[7d]"></a>prf_create_func</STRONG> (Thumb, 28 bytes, Stack size 8 bytes, lto-llvm-7ec700.o(.text.prf_create_func))
<BR><BR>[Stack]<UL><LI>Max Depth = 8<LI>Call Chain = prf_create_func
</UL>
<BR>[Calls]<UL><LI><a href="#[10a]">&gt;&gt;</a>&nbsp;&nbsp;&nbsp;prf_itf_get
</UL>
<BR>[Address Reference Count : 1]<UL><LI> lto-llvm-7ec700.o(.rodata.rom_func_addr_table_var)
</UL>
<P><STRONG><a name="[a0]"></a>default_app_on_set_dev_config_complete</STRONG> (Thumb, 100 bytes, Stack size 16 bytes, lto-llvm-7ec700.o(.text.default_app_on_set_dev_config_complete))
<BR><BR>[Stack]<UL><LI>Max Depth = 40<LI>Call Chain = default_app_on_set_dev_config_complete &rArr; app_easy_gap_undirected_advertise_start
</UL>
<BR>[Calls]<UL><LI><a href="#[e6]">&gt;&gt;</a>&nbsp;&nbsp;&nbsp;append_device_name
<LI><a href="#[de]">&gt;&gt;</a>&nbsp;&nbsp;&nbsp;ke_msg_alloc
<LI><a href="#[ea]">&gt;&gt;</a>&nbsp;&nbsp;&nbsp;app_db_init_start
<LI><a href="#[b1]">&gt;&gt;</a>&nbsp;&nbsp;&nbsp;__aeabi_memcpy
<LI><a href="#[e5]">&gt;&gt;</a>&nbsp;&nbsp;&nbsp;app_easy_gap_undirected_advertise_start
</UL>
<BR>[Address Reference Count : 1]<UL><LI> lto-llvm-7ec700.o(.rodata.user_app_callbacks)
</UL>
<P><STRONG><a name="[e5]"></a>app_easy_gap_undirected_advertise_start</STRONG> (Thumb, 108 bytes, Stack size 24 bytes, lto-llvm-7ec700.o(.text.app_easy_gap_undirected_advertise_start))
<BR><BR>[Stack]<UL><LI>Max Depth = 24<LI>Call Chain = app_easy_gap_undirected_advertise_start
</UL>
<BR>[Calls]<UL><LI><a href="#[df]">&gt;&gt;</a>&nbsp;&nbsp;&nbsp;ke_msg_send
<LI><a href="#[c8]">&gt;&gt;</a>&nbsp;&nbsp;&nbsp;ke_state_set
<LI><a href="#[e6]">&gt;&gt;</a>&nbsp;&nbsp;&nbsp;append_device_name
<LI><a href="#[de]">&gt;&gt;</a>&nbsp;&nbsp;&nbsp;ke_msg_alloc
<LI><a href="#[b1]">&gt;&gt;</a>&nbsp;&nbsp;&nbsp;__aeabi_memcpy
</UL>
<BR>[Called By]<UL><LI><a href="#[a1]">&gt;&gt;</a>&nbsp;&nbsp;&nbsp;user_app_adv_undirect_complete
<LI><a href="#[9e]">&gt;&gt;</a>&nbsp;&nbsp;&nbsp;user_app_connection
<LI><a href="#[37]">&gt;&gt;</a>&nbsp;&nbsp;&nbsp;gapm_cmp_evt_handler
<LI><a href="#[a2]">&gt;&gt;</a>&nbsp;&nbsp;&nbsp;default_app_on_db_init_complete
<LI><a href="#[a0]">&gt;&gt;</a>&nbsp;&nbsp;&nbsp;default_app_on_set_dev_config_complete
</UL>

<P><STRONG><a name="[a2]"></a>default_app_on_db_init_complete</STRONG> (Thumb, 96 bytes, Stack size 16 bytes, lto-llvm-7ec700.o(.text.default_app_on_db_init_complete))
<BR><BR>[Stack]<UL><LI>Max Depth = 40<LI>Call Chain = default_app_on_db_init_complete &rArr; app_easy_gap_undirected_advertise_start
</UL>
<BR>[Calls]<UL><LI><a href="#[e6]">&gt;&gt;</a>&nbsp;&nbsp;&nbsp;append_device_name
<LI><a href="#[de]">&gt;&gt;</a>&nbsp;&nbsp;&nbsp;ke_msg_alloc
<LI><a href="#[b1]">&gt;&gt;</a>&nbsp;&nbsp;&nbsp;__aeabi_memcpy
<LI><a href="#[e5]">&gt;&gt;</a>&nbsp;&nbsp;&nbsp;app_easy_gap_undirected_advertise_start
</UL>
<BR>[Address Reference Count : 1]<UL><LI> lto-llvm-7ec700.o(.rodata.user_app_callbacks)
</UL>
<P><STRONG><a name="[a3]"></a>default_app_on_get_dev_name</STRONG> (Thumb, 20 bytes, Stack size 8 bytes, lto-llvm-7ec700.o(.text.default_app_on_get_dev_name))
<BR><BR>[Stack]<UL><LI>Max Depth = 8<LI>Call Chain = default_app_on_get_dev_name
</UL>
<BR>[Calls]<UL><LI><a href="#[b1]">&gt;&gt;</a>&nbsp;&nbsp;&nbsp;__aeabi_memcpy
</UL>
<BR>[Address Reference Count : 1]<UL><LI> lto-llvm-7ec700.o(.rodata.user_app_callbacks)
</UL>
<P><STRONG><a name="[a4]"></a>default_app_on_get_dev_appearance</STRONG> (Thumb, 8 bytes, Stack size 0 bytes, lto-llvm-7ec700.o(.text.default_app_on_get_dev_appearance))
<BR>[Address Reference Count : 1]<UL><LI> lto-llvm-7ec700.o(.rodata.user_app_callbacks)
</UL>
<P><STRONG><a name="[a5]"></a>default_app_on_get_dev_slv_pref_params</STRONG> (Thumb, 18 bytes, Stack size 0 bytes, lto-llvm-7ec700.o(.text.default_app_on_get_dev_slv_pref_params))
<BR>[Address Reference Count : 1]<UL><LI> lto-llvm-7ec700.o(.rodata.user_app_callbacks)
</UL>
<P><STRONG><a name="[a6]"></a>default_app_on_set_dev_info</STRONG> (Thumb, 52 bytes, Stack size 8 bytes, lto-llvm-7ec700.o(.text.default_app_on_set_dev_info))
<BR><BR>[Stack]<UL><LI>Max Depth = 8<LI>Call Chain = default_app_on_set_dev_info
</UL>
<BR>[Calls]<UL><LI><a href="#[b1]">&gt;&gt;</a>&nbsp;&nbsp;&nbsp;__aeabi_memcpy
</UL>
<BR>[Address Reference Count : 1]<UL><LI> lto-llvm-7ec700.o(.rodata.user_app_callbacks)
</UL>
<P><STRONG><a name="[a7]"></a>default_app_update_params_request</STRONG> (Thumb, 12 bytes, Stack size 0 bytes, lto-llvm-7ec700.o(.text.default_app_update_params_request))
<BR>[Address Reference Count : 1]<UL><LI> lto-llvm-7ec700.o(.rodata.user_app_callbacks)
</UL>
<P><STRONG><a name="[a8]"></a>default_app_generate_static_random_addr</STRONG> (Thumb, 44 bytes, Stack size 8 bytes, lto-llvm-7ec700.o(.text.default_app_generate_static_random_addr))
<BR><BR>[Stack]<UL><LI>Max Depth = 8<LI>Call Chain = default_app_generate_static_random_addr
</UL>
<BR>[Calls]<UL><LI><a href="#[e9]">&gt;&gt;</a>&nbsp;&nbsp;&nbsp;dia_rand
</UL>
<BR>[Address Reference Count : 1]<UL><LI> lto-llvm-7ec700.o(.rodata.user_app_callbacks)
</UL>
<P><STRONG><a name="[4b]"></a>app_db_init_next</STRONG> (Thumb, 48 bytes, Stack size 16 bytes, lto-llvm-7ec700.o(.text.app_db_init_next))
<BR><BR>[Stack]<UL><LI>Max Depth = 16<LI>Call Chain = app_db_init_next
</UL>
<BR>[Address Reference Count : 1]<UL><LI> lto-llvm-7ec700.o(.rodata.rom_app_task_cfg)
</UL>
<P><STRONG><a name="[4a]"></a>app_easy_gap_dev_configure</STRONG> (Thumb, 100 bytes, Stack size 16 bytes, lto-llvm-7ec700.o(.text.app_easy_gap_dev_configure))
<BR><BR>[Stack]<UL><LI>Max Depth = 16<LI>Call Chain = app_easy_gap_dev_configure
</UL>
<BR>[Calls]<UL><LI><a href="#[df]">&gt;&gt;</a>&nbsp;&nbsp;&nbsp;ke_msg_send
<LI><a href="#[de]">&gt;&gt;</a>&nbsp;&nbsp;&nbsp;ke_msg_alloc
<LI><a href="#[e4]">&gt;&gt;</a>&nbsp;&nbsp;&nbsp;__aeabi_memclr
</UL>
<BR>[Address Reference Count : 1]<UL><LI> lto-llvm-7ec700.o(.rodata.rom_app_task_cfg)
</UL>
<P><STRONG><a name="[43]"></a>app_gap_process_handler</STRONG> (Thumb, 32 bytes, Stack size 24 bytes, lto-llvm-7ec700.o(.text.app_gap_process_handler))
<BR><BR>[Stack]<UL><LI>Max Depth = 24<LI>Call Chain = app_gap_process_handler
</UL>
<BR>[Calls]<UL><LI><a href="#[e3]">&gt;&gt;</a>&nbsp;&nbsp;&nbsp;app_std_process_event
</UL>
<BR>[Address Reference Count : 1]<UL><LI> lto-llvm-7ec700.o(.rodata.app_process_handlers)
</UL>
<P><STRONG><a name="[36]"></a>gapm_device_ready_ind_handler</STRONG> (Thumb, 44 bytes, Stack size 8 bytes, lto-llvm-7ec700.o(.text.gapm_device_ready_ind_handler))
<BR><BR>[Stack]<UL><LI>Max Depth = 8<LI>Call Chain = gapm_device_ready_ind_handler
</UL>
<BR>[Calls]<UL><LI><a href="#[df]">&gt;&gt;</a>&nbsp;&nbsp;&nbsp;ke_msg_send
<LI><a href="#[b2]">&gt;&gt;</a>&nbsp;&nbsp;&nbsp;ke_state_get
<LI><a href="#[de]">&gt;&gt;</a>&nbsp;&nbsp;&nbsp;ke_msg_alloc
</UL>
<BR>[Address Reference Count : 1]<UL><LI> lto-llvm-7ec700.o(.rodata.app_gap_process_handlers)
</UL>
<P><STRONG><a name="[37]"></a>gapm_cmp_evt_handler</STRONG> (Thumb, 368 bytes, Stack size 16 bytes, lto-llvm-7ec700.o(.text.gapm_cmp_evt_handler))
<BR><BR>[Stack]<UL><LI>Max Depth = 88<LI>Call Chain = gapm_cmp_evt_handler &rArr; user_catch_rest_hndl &rArr; app_easy_timer
</UL>
<BR>[Calls]<UL><LI><a href="#[df]">&gt;&gt;</a>&nbsp;&nbsp;&nbsp;ke_msg_send
<LI><a href="#[e6]">&gt;&gt;</a>&nbsp;&nbsp;&nbsp;append_device_name
<LI><a href="#[de]">&gt;&gt;</a>&nbsp;&nbsp;&nbsp;ke_msg_alloc
<LI><a href="#[ea]">&gt;&gt;</a>&nbsp;&nbsp;&nbsp;app_db_init_start
<LI><a href="#[e4]">&gt;&gt;</a>&nbsp;&nbsp;&nbsp;__aeabi_memclr
<LI><a href="#[b1]">&gt;&gt;</a>&nbsp;&nbsp;&nbsp;__aeabi_memcpy
<LI><a href="#[4c]">&gt;&gt;</a>&nbsp;&nbsp;&nbsp;user_catch_rest_hndl
<LI><a href="#[e5]">&gt;&gt;</a>&nbsp;&nbsp;&nbsp;app_easy_gap_undirected_advertise_start
</UL>
<BR>[Address Reference Count : 1]<UL><LI> lto-llvm-7ec700.o(.rodata.app_gap_process_handlers)
</UL>
<P><STRONG><a name="[4c]"></a>user_catch_rest_hndl</STRONG> (Thumb, 1480 bytes, Stack size 56 bytes, lto-llvm-7ec700.o(.text.user_catch_rest_hndl))
<BR><BR>[Stack]<UL><LI>Max Depth = 72<LI>Call Chain = user_catch_rest_hndl &rArr; app_easy_timer
</UL>
<BR>[Calls]<UL><LI><a href="#[b9]">&gt;&gt;</a>&nbsp;&nbsp;&nbsp;memcmp
<LI><a href="#[dd]">&gt;&gt;</a>&nbsp;&nbsp;&nbsp;arch_printf
<LI><a href="#[df]">&gt;&gt;</a>&nbsp;&nbsp;&nbsp;ke_msg_send
<LI><a href="#[de]">&gt;&gt;</a>&nbsp;&nbsp;&nbsp;ke_msg_alloc
<LI><a href="#[fa]">&gt;&gt;</a>&nbsp;&nbsp;&nbsp;ke_malloc
<LI><a href="#[fc]">&gt;&gt;</a>&nbsp;&nbsp;&nbsp;ke_free
<LI><a href="#[105]">&gt;&gt;</a>&nbsp;&nbsp;&nbsp;arch_printf_process
<LI><a href="#[b1]">&gt;&gt;</a>&nbsp;&nbsp;&nbsp;__aeabi_memcpy
<LI><a href="#[e7]">&gt;&gt;</a>&nbsp;&nbsp;&nbsp;app_easy_timer
</UL>
<BR>[Called By]<UL><LI><a href="#[38]">&gt;&gt;</a>&nbsp;&nbsp;&nbsp;gapc_cmp_evt_handler
<LI><a href="#[37]">&gt;&gt;</a>&nbsp;&nbsp;&nbsp;gapm_cmp_evt_handler
</UL>
<BR>[Address Reference Count : 1]<UL><LI> lto-llvm-7ec700.o(.rodata.rom_app_task_cfg)
</UL>
<P><STRONG><a name="[38]"></a>gapc_cmp_evt_handler</STRONG> (Thumb, 26 bytes, Stack size 8 bytes, lto-llvm-7ec700.o(.text.gapc_cmp_evt_handler))
<BR><BR>[Stack]<UL><LI>Max Depth = 80<LI>Call Chain = gapc_cmp_evt_handler &rArr; user_catch_rest_hndl &rArr; app_easy_timer
</UL>
<BR>[Calls]<UL><LI><a href="#[4c]">&gt;&gt;</a>&nbsp;&nbsp;&nbsp;user_catch_rest_hndl
</UL>
<BR>[Address Reference Count : 1]<UL><LI> lto-llvm-7ec700.o(.rodata.app_gap_process_handlers)
</UL>
<P><STRONG><a name="[39]"></a>gapc_connection_req_ind_handler</STRONG> (Thumb, 100 bytes, Stack size 24 bytes, lto-llvm-7ec700.o(.text.gapc_connection_req_ind_handler))
<BR><BR>[Stack]<UL><LI>Max Depth = 80<LI>Call Chain = gapc_connection_req_ind_handler &rArr; user_app_connection &rArr; app_easy_gap_undirected_advertise_start
</UL>
<BR>[Calls]<UL><LI><a href="#[ed]">&gt;&gt;</a>&nbsp;&nbsp;&nbsp;app_easy_gap_confirm
<LI><a href="#[c8]">&gt;&gt;</a>&nbsp;&nbsp;&nbsp;ke_state_set
<LI><a href="#[b2]">&gt;&gt;</a>&nbsp;&nbsp;&nbsp;ke_state_get
<LI><a href="#[b1]">&gt;&gt;</a>&nbsp;&nbsp;&nbsp;__aeabi_memcpy
<LI><a href="#[9e]">&gt;&gt;</a>&nbsp;&nbsp;&nbsp;user_app_connection
</UL>
<BR>[Address Reference Count : 1]<UL><LI> lto-llvm-7ec700.o(.rodata.app_gap_process_handlers)
</UL>
<P><STRONG><a name="[9e]"></a>user_app_connection</STRONG> (Thumb, 264 bytes, Stack size 32 bytes, lto-llvm-7ec700.o(.text.user_app_connection))
<BR><BR>[Stack]<UL><LI>Max Depth = 56<LI>Call Chain = user_app_connection &rArr; app_easy_gap_undirected_advertise_start
</UL>
<BR>[Calls]<UL><LI><a href="#[dd]">&gt;&gt;</a>&nbsp;&nbsp;&nbsp;arch_printf
<LI><a href="#[df]">&gt;&gt;</a>&nbsp;&nbsp;&nbsp;ke_msg_send
<LI><a href="#[e6]">&gt;&gt;</a>&nbsp;&nbsp;&nbsp;append_device_name
<LI><a href="#[de]">&gt;&gt;</a>&nbsp;&nbsp;&nbsp;ke_msg_alloc
<LI><a href="#[b1]">&gt;&gt;</a>&nbsp;&nbsp;&nbsp;__aeabi_memcpy
<LI><a href="#[e5]">&gt;&gt;</a>&nbsp;&nbsp;&nbsp;app_easy_gap_undirected_advertise_start
</UL>
<BR>[Called By]<UL><LI><a href="#[39]">&gt;&gt;</a>&nbsp;&nbsp;&nbsp;gapc_connection_req_ind_handler
</UL>
<BR>[Address Reference Count : 1]<UL><LI> lto-llvm-7ec700.o(.rodata.user_app_callbacks)
</UL>
<P><STRONG><a name="[3a]"></a>gapc_disconnect_ind_handler</STRONG> (Thumb, 52 bytes, Stack size 8 bytes, lto-llvm-7ec700.o(.text.gapc_disconnect_ind_handler))
<BR><BR>[Stack]<UL><LI>Max Depth = 8<LI>Call Chain = gapc_disconnect_ind_handler
</UL>
<BR>[Calls]<UL><LI><a href="#[dd]">&gt;&gt;</a>&nbsp;&nbsp;&nbsp;arch_printf
<LI><a href="#[b2]">&gt;&gt;</a>&nbsp;&nbsp;&nbsp;ke_state_get
</UL>
<BR>[Address Reference Count : 1]<UL><LI> lto-llvm-7ec700.o(.rodata.app_gap_process_handlers)
</UL>
<P><STRONG><a name="[3b]"></a>gapc_get_dev_info_req_ind_handler</STRONG> (Thumb, 148 bytes, Stack size 56 bytes, lto-llvm-7ec700.o(.text.gapc_get_dev_info_req_ind_handler))
<BR><BR>[Stack]<UL><LI>Max Depth = 56<LI>Call Chain = gapc_get_dev_info_req_ind_handler
</UL>
<BR>[Calls]<UL><LI><a href="#[df]">&gt;&gt;</a>&nbsp;&nbsp;&nbsp;ke_msg_send
<LI><a href="#[de]">&gt;&gt;</a>&nbsp;&nbsp;&nbsp;ke_msg_alloc
<LI><a href="#[b1]">&gt;&gt;</a>&nbsp;&nbsp;&nbsp;__aeabi_memcpy
</UL>
<BR>[Address Reference Count : 1]<UL><LI> lto-llvm-7ec700.o(.rodata.app_gap_process_handlers)
</UL>
<P><STRONG><a name="[48]"></a>app_diss_create_db</STRONG> (Thumb, 52 bytes, Stack size 16 bytes, lto-llvm-7ec700.o(.text.app_diss_create_db))
<BR><BR>[Stack]<UL><LI>Max Depth = 16<LI>Call Chain = app_diss_create_db
</UL>
<BR>[Calls]<UL><LI><a href="#[e2]">&gt;&gt;</a>&nbsp;&nbsp;&nbsp;get_user_prf_srv_perm
<LI><a href="#[df]">&gt;&gt;</a>&nbsp;&nbsp;&nbsp;ke_msg_send
<LI><a href="#[de]">&gt;&gt;</a>&nbsp;&nbsp;&nbsp;ke_msg_alloc
</UL>
<BR>[Address Reference Count : 1]<UL><LI> lto-llvm-7ec700.o(.rodata.prf_funcs)
</UL>
<P><STRONG><a name="[45]"></a>app_diss_process_handler</STRONG> (Thumb, 32 bytes, Stack size 24 bytes, lto-llvm-7ec700.o(.text.app_diss_process_handler))
<BR><BR>[Stack]<UL><LI>Max Depth = 24<LI>Call Chain = app_diss_process_handler
</UL>
<BR>[Calls]<UL><LI><a href="#[e3]">&gt;&gt;</a>&nbsp;&nbsp;&nbsp;app_std_process_event
</UL>
<BR>[Address Reference Count : 1]<UL><LI> lto-llvm-7ec700.o(.rodata.app_process_handlers)
</UL>
<P><STRONG><a name="[35]"></a>diss_value_req_ind_handler</STRONG> (Thumb, 136 bytes, Stack size 24 bytes, lto-llvm-7ec700.o(.text.diss_value_req_ind_handler))
<BR><BR>[Stack]<UL><LI>Max Depth = 24<LI>Call Chain = diss_value_req_ind_handler
</UL>
<BR>[Calls]<UL><LI><a href="#[df]">&gt;&gt;</a>&nbsp;&nbsp;&nbsp;ke_msg_send
<LI><a href="#[de]">&gt;&gt;</a>&nbsp;&nbsp;&nbsp;ke_msg_alloc
<LI><a href="#[b1]">&gt;&gt;</a>&nbsp;&nbsp;&nbsp;__aeabi_memcpy
</UL>
<BR>[Address Reference Count : 1]<UL><LI> lto-llvm-7ec700.o(.rodata.app_diss_process_handlers)
</UL>
<P><STRONG><a name="[44]"></a>app_timer_api_process_handler</STRONG> (Thumb, 324 bytes, Stack size 16 bytes, lto-llvm-7ec700.o(.text.app_timer_api_process_handler))
<BR><BR>[Stack]<UL><LI>Max Depth = 16<LI>Call Chain = app_timer_api_process_handler
</UL>
<BR>[Calls]<UL><LI><a href="#[e8]">&gt;&gt;</a>&nbsp;&nbsp;&nbsp;ke_timer_set
<LI><a href="#[df]">&gt;&gt;</a>&nbsp;&nbsp;&nbsp;ke_msg_send
<LI><a href="#[de]">&gt;&gt;</a>&nbsp;&nbsp;&nbsp;ke_msg_alloc
</UL>
<BR>[Address Reference Count : 1]<UL><LI> lto-llvm-7ec700.o(.rodata.app_process_handlers)
</UL>
<P><STRONG><a name="[24]"></a>timer_modified_handler</STRONG> (Thumb, 2 bytes, Stack size 0 bytes, lto-llvm-7ec700.o(.text.timer_modified_handler))
<BR>[Address Reference Count : 1]<UL><LI> lto-llvm-7ec700.o(.text.app_timer_api_process_handler)
</UL>
<P><STRONG><a name="[25]"></a>timer_canceled_handler</STRONG> (Thumb, 2 bytes, Stack size 0 bytes, lto-llvm-7ec700.o(.text.timer_canceled_handler))
<BR>[Address Reference Count : 1]<UL><LI> lto-llvm-7ec700.o(.text.app_timer_api_process_handler)
</UL>
<P><STRONG><a name="[e7]"></a>app_easy_timer</STRONG> (Thumb, 232 bytes, Stack size 16 bytes, lto-llvm-7ec700.o(.text.app_easy_timer))
<BR><BR>[Stack]<UL><LI>Max Depth = 16<LI>Call Chain = app_easy_timer
</UL>
<BR>[Calls]<UL><LI><a href="#[e8]">&gt;&gt;</a>&nbsp;&nbsp;&nbsp;ke_timer_set
<LI><a href="#[df]">&gt;&gt;</a>&nbsp;&nbsp;&nbsp;ke_msg_send
<LI><a href="#[de]">&gt;&gt;</a>&nbsp;&nbsp;&nbsp;ke_msg_alloc
</UL>
<BR>[Called By]<UL><LI><a href="#[23]">&gt;&gt;</a>&nbsp;&nbsp;&nbsp;timer_and_read_handler
<LI><a href="#[4c]">&gt;&gt;</a>&nbsp;&nbsp;&nbsp;user_catch_rest_hndl
</UL>

<P><STRONG><a name="[23]"></a>timer_and_read_handler</STRONG> (Thumb, 52 bytes, Stack size 8 bytes, lto-llvm-7ec700.o(.text.timer_and_read_handler))
<BR><BR>[Stack]<UL><LI>Max Depth = 24<LI>Call Chain = timer_and_read_handler &rArr; app_easy_timer
</UL>
<BR>[Calls]<UL><LI><a href="#[df]">&gt;&gt;</a>&nbsp;&nbsp;&nbsp;ke_msg_send
<LI><a href="#[de]">&gt;&gt;</a>&nbsp;&nbsp;&nbsp;ke_msg_alloc
<LI><a href="#[e7]">&gt;&gt;</a>&nbsp;&nbsp;&nbsp;app_easy_timer
</UL>
<BR>[Address Reference Count : 1]<UL><LI> lto-llvm-7ec700.o(.text.app_easy_timer)
</UL>
<P><STRONG><a name="[a1]"></a>user_app_adv_undirect_complete</STRONG> (Thumb, 96 bytes, Stack size 16 bytes, lto-llvm-7ec700.o(.text.user_app_adv_undirect_complete))
<BR><BR>[Stack]<UL><LI>Max Depth = 40<LI>Call Chain = user_app_adv_undirect_complete &rArr; app_easy_gap_undirected_advertise_start
</UL>
<BR>[Calls]<UL><LI><a href="#[e6]">&gt;&gt;</a>&nbsp;&nbsp;&nbsp;append_device_name
<LI><a href="#[de]">&gt;&gt;</a>&nbsp;&nbsp;&nbsp;ke_msg_alloc
<LI><a href="#[b1]">&gt;&gt;</a>&nbsp;&nbsp;&nbsp;__aeabi_memcpy
<LI><a href="#[e5]">&gt;&gt;</a>&nbsp;&nbsp;&nbsp;app_easy_gap_undirected_advertise_start
</UL>
<BR>[Address Reference Count : 1]<UL><LI> lto-llvm-7ec700.o(.rodata.user_app_callbacks)
</UL>
<P><STRONG><a name="[9f]"></a>user_app_disconnect</STRONG> (Thumb, 16 bytes, Stack size 8 bytes, lto-llvm-7ec700.o(.text.user_app_disconnect))
<BR><BR>[Stack]<UL><LI>Max Depth = 8<LI>Call Chain = user_app_disconnect
</UL>
<BR>[Calls]<UL><LI><a href="#[dd]">&gt;&gt;</a>&nbsp;&nbsp;&nbsp;arch_printf
</UL>
<BR>[Address Reference Count : 1]<UL><LI> lto-llvm-7ec700.o(.rodata.user_app_callbacks)
</UL>
<P><STRONG><a name="[2e]"></a>buttonPress_isr</STRONG> (Thumb, 72 bytes, Stack size 16 bytes, lto-llvm-7ec700.o(.text.buttonPress_isr))
<BR><BR>[Stack]<UL><LI>Max Depth = 16<LI>Call Chain = buttonPress_isr
</UL>
<BR>[Calls]<UL><LI><a href="#[dd]">&gt;&gt;</a>&nbsp;&nbsp;&nbsp;arch_printf
<LI><a href="#[df]">&gt;&gt;</a>&nbsp;&nbsp;&nbsp;ke_msg_send
<LI><a href="#[de]">&gt;&gt;</a>&nbsp;&nbsp;&nbsp;ke_msg_alloc
</UL>
<BR>[Address Reference Count : 1]<UL><LI> lto-llvm-7ec700.o(.text.user_catch_rest_hndl)
</UL><P>
<H3>
Undefined Global Symbols
</H3>
<P><STRONG><a name="[f0]"></a>reset_indication</STRONG> (Unknown, 0 bytes, Stack size 0 bytes, UNDEFINED)
<BR><BR>[Called By]<UL><LI><a href="#[1e]">&gt;&gt;</a>&nbsp;&nbsp;&nbsp;main
</UL>

<P><STRONG><a name="[f3]"></a>sb_read_otp_header</STRONG> (Unknown, 0 bytes, Stack size 0 bytes, UNDEFINED)
<BR><BR>[Called By]<UL><LI><a href="#[1e]">&gt;&gt;</a>&nbsp;&nbsp;&nbsp;main
</UL>

<P><STRONG><a name="[f4]"></a>sb_set_debugger_mode</STRONG> (Unknown, 0 bytes, Stack size 0 bytes, UNDEFINED)
<BR><BR>[Called By]<UL><LI><a href="#[1e]">&gt;&gt;</a>&nbsp;&nbsp;&nbsp;main
</UL>
<HR></body></html>
